14:31:12 Game Port: 2312, Steam Query Port: 2313
14:31:12 Host identity created.
14:32:21 RGC P.MacTavish uses modified data file
14:32:22 Mission Operation Egyptian Collapse - Operation Sparta read from bank.
14:32:23 Player RGC P.MacTavish disconnected.
14:32:23 All users disconnected, waiting for users.
14:33:47 RGC C.Hillard uses modified data file
14:33:47 Mission Operation Egyptian Collapse - Operation Sparta read from bank.
14:33:48 Player RGC C.Hillard connecting.
14:33:49 Player RGC C.Hillard connected (id=76561198327045223).
14:33:50 SSG B.Fitzgerald uses modified data file
14:33:51 Player SSG B.Fitzgerald connecting.
14:33:52 Player SSG B.Fitzgerald connected (id=76561198101888577).
14:34:00 Player RGC C.Hillard disconnected.
14:34:06 Wrong admin password entered by player: SSG B.Fitzgerald, playerUID: 76561198101888577, IP: 26.130.77.68:2304.
14:34:22 Wrong admin password entered by player: SSG B.Fitzgerald, playerUID: 76561198101888577, IP: 26.130.77.68:2304.
14:34:25 Admin logged in, player: SSG B.Fitzgerald, playerUID: 76561198101888577, IP: 26.130.77.68:2304.
14:34:45 Mission Chernarus_Airborne-AirAssault-Land_Nav_v1.chernarus_summer read from bank.
14:34:49 Roles assigned.
14:34:49 Reading mission ...
14:34:55 Mission read.
14:35:35 Game started.
14:36:25 RGC P.MacTavish uses modified data file
14:36:25 Player RGC P.MacTavish disconnected.
14:37:49 OCS D.Lotus uses modified data file
14:37:50 Player OCS D.Lotus connecting.
14:37:51 Player OCS D.Lotus connected (id=76561198046799420).
14:40:24 RGC P.MacTavish uses modified data file
14:40:24 Player RGC P.MacTavish disconnected.
14:42:13 PV2 D.Kale uses modified data file
14:42:13 Player PV2 D.Kale connecting.
14:42:15 Player PV2 D.Kale connected (id=76561198303754515).
14:44:24 RGC P.MacTavish uses modified data file
14:44:24 Player RGC P.MacTavish connecting.
14:44:25 Player RGC P.MacTavish connected (id=76561198176499965).
14:44:46 Player RGC P.MacTavish disconnected.
14:45:03 SPC P.MacTavish uses modified data file
14:45:03 Player SPC P.MacTavish connecting.
14:45:04 Player SPC P.MacTavish connected (id=76561198176499965).
14:45:22 PFC N.Irwin uses modified data file
14:45:22 Player PFC N.Irwin disconnected.
14:45:23 SPC C.Hillard uses modified data file
14:45:23 Player SPC C.Hillard connecting.
14:45:25 Player SPC C.Hillard connected (id=76561198327045223).
14:46:39 SPC N.Irwin uses modified data file
14:46:40 Player SPC N.Irwin connecting.
14:46:41 Player SPC N.Irwin connected (id=76561198073457150).
14:46:42 SPC A.Sapp uses modified data file
14:46:42 Player SPC C.Hillard disconnected.
14:46:42 Player SPC A.Sapp connecting.
14:46:43 Player SPC A.Sapp connected (id=76561199789070521).
14:46:49 SPC C.Hillard uses modified data file
14:46:49 Player SPC C.Hillard connecting.
14:46:50 Player SPC C.Hillard connected (id=76561198327045223).
14:50:29 SPC B.Hansen uses modified data file
14:50:30 Player SPC B.Hansen connecting.
14:50:31 Player SPC B.Hansen connected (id=76561198240446616).
14:51:17 Player SPC N.Irwin disconnected.
14:51:20 SPC N.Irwin uses modified data file
14:51:20 Player SPC N.Irwin connecting.
14:51:22 Player SPC N.Irwin connected (id=76561198073457150).
14:52:18 RGC E.Marsh uses modified data file
14:52:19 Player RGC E.Marsh connecting.
14:52:20 Player RGC E.Marsh connected (id=76561197995753794).
14:52:24 SPC B.Bishop uses modified data file
14:52:25 Player SPC B.Bishop connecting.
14:52:26 Player SPC B.Bishop connected (id=76561198076022373).
14:52:39 Player RGC E.Marsh disconnected.
14:52:49 CW2 J.Tracey uses modified data file
14:52:49 Player CW2 J.Tracey connecting.
14:52:51 Player CW2 J.Tracey connected (id=76561198144601440).
14:53:14 PFC E.Marsh uses modified data file
14:53:14 Player PFC E.Marsh connecting.
14:53:16 Player PFC E.Marsh connected (id=76561197995753794).
16:28:30 Player CW2 J.Tracey disconnected.
16:28:32 Player PFC E.Marsh disconnected.
16:28:32 Player SPC B.Hansen disconnected.
16:28:34 Player SPC C.Hillard disconnected.
16:54:51 Player SSG B.Fitzgerald disconnected.
16:54:51 Admin logged out, player: SSG B.Fitzgerald, playerUID: 76561198101888577, IP: 26.130.77.68:2304.
16:54:58 Player SPC P.MacTavish disconnected.
16:58:21 Player OCS D.Lotus disconnected.
16:58:57 Player SPC N.Irwin disconnected.
16:59:05 Player SPC A.Sapp disconnected.
17:13:36 Player PV2 D.Kale: Signature check timed out
17:13:36 Player PV2 D.Kale disconnected.
17:14:13 PV2 D.Kale uses modified data file
17:14:13 Player PV2 D.Kale connecting.
17:14:14 Player PV2 D.Kale connected (id=76561198303754515).
