10:54:57 Game Port: 2312, Steam Query Port: 2313
10:54:58 Host identity created.
10:58:40 SSG B.Fitzgerald uses modified data file
10:58:40 Mission Operation Egyptian Collapse - Operation Sparta read from bank.
10:58:41 Player SSG B.Fitzgerald disconnected.
10:58:41 All users disconnected, waiting for users.
11:01:11 SSG B.Fitzgerald uses modified data file
11:01:11 Mission Operation Egyptian Collapse - Operation Sparta read from bank.
11:01:13 Player SSG B.Fitzgerald disconnected.
11:01:13 All users disconnected, waiting for users.
 6:48:39 lanej uses modified data file
 6:48:39 Mission Operation Egyptian Collapse - Operation Sparta read from bank.
 6:48:40 Player lanej disconnected.
 6:48:40 All users disconnected, waiting for users.
 6:58:09 1SG V.Garcia uses modified data file
 6:58:09 Mission Operation Egyptian Collapse - Operation Sparta read from bank.
 6:58:10 Player 1SG V.Garcia disconnected.
 6:58:10 All users disconnected, waiting for users.
 7:10:34 lanej uses modified data file
 7:10:34 Mission Operation Egyptian Collapse - Operation Sparta read from bank.
 7:10:35 Files F:\SteamLibrary\steamapps\common\Arma 3\!Workshop\@AceFatigueStandalone\addons\ace_advanced_fatigue.pbo are not signed by a key accepted by this server. To play on this server, remove listed files or install additional accepted keys.
 7:10:35 Player lanej disconnected.
 7:10:35 All users disconnected, waiting for users.
 7:13:10 lanej uses modified data file
 7:13:10 Mission Operation Egyptian Collapse - Operation Sparta read from bank.
 7:13:12 Player lanej disconnected.
 7:13:12 All users disconnected, waiting for users.
 7:14:38 1SG V.Garcia uses modified data file
 7:14:38 Mission Operation Egyptian Collapse - Operation Sparta read from bank.
 7:14:38 Player 1SG V.Garcia disconnected.
 7:14:38 All users disconnected, waiting for users.
