12:54:41 Game Port: 2312, Steam Query Port: 2313
12:54:41 Host identity created.
12:55:25 SSG G.Nagy uses modified data file
12:55:25 Mission Zeus_Kunduz_River.kunduz_valley read from bank.
12:55:27 Player SSG G.Nagy connecting.
12:55:28 Player SSG G.Nagy connected (id=76561198042596091).
12:55:44 Player SSG G.Nagy disconnected.
12:55:44 All users disconnected, waiting for users.
14:52:48 Selt uses modified data file
14:52:48 Mission Zeus_Kunduz_River.kunduz_valley read from bank.
14:52:53 Player Selt connecting.
14:52:54 Player Selt connected (id=76561199261636966).
14:53:09 Player Selt disconnected.
14:53:09 All users disconnected, waiting for users.
18:47:32 MAJ J.LaFlash uses modified data file
18:47:32 Mission Zeus_Kunduz_River.kunduz_valley read from bank.
18:47:32 Player MAJ J.LaFlash disconnected.
18:47:32 All users disconnected, waiting for users.
18:51:51 PVT M.Mainu uses modified data file
18:51:51 Mission Zeus_Kunduz_River.kunduz_valley read from bank.
18:51:52 Player PVT M.Mainu connecting.
18:51:53 Player PVT M.Mainu connected (id=76561199200128375).
18:52:28 Slow network for player name='PVT M.Mainu' ID=673430118, steamID=76561199200128375. Ping too high (278/ 200 ms)
18:52:58 Slow network for player name='PVT M.Mainu' ID=673430118, steamID=76561199200128375. Ping too high (279/ 200 ms)
18:53:21 Roles assigned.
18:53:21 Reading mission ...
18:53:25 Mission read.
18:53:28 Slow network for player name='PVT M.Mainu' ID=673430118, steamID=76561199200128375. Ping too high (279/ 200 ms)
18:53:58 Slow network for player name='PVT M.Mainu' ID=673430118, steamID=76561199200128375. Ping too high (279/ 200 ms)
18:54:28 Player PVT M.Mainu disconnected.
18:54:28 All users disconnected, waiting for users.
 7:33:48 PVT M.Mainu uses modified data file
 7:33:48 Mission Zeus_Kunduz_River.kunduz_valley read from bank.
 7:33:50 Player PVT M.Mainu connecting.
 7:37:18 Player PVT M.Mainu disconnected.
 7:37:18 All users disconnected, waiting for users.
 7:42:12 PVT M.Mainu uses modified data file
 7:42:12 Mission Zeus_Kunduz_River.kunduz_valley read from bank.
 7:42:14 Player PVT M.Mainu connecting.
 7:42:16 Player PVT M.Mainu connected (id=76561199200128375).
 7:42:51 Slow network for player name='PVT M.Mainu' ID=1796731323, steamID=76561199200128375. Ping too high (272/ 200 ms)
 7:43:21 Slow network for player name='PVT M.Mainu' ID=1796731323, steamID=76561199200128375. Ping too high (280/ 200 ms)
 7:43:42 Roles assigned.
 7:43:42 Reading mission ...
 7:43:44 Mission read.
 7:43:51 Slow network for player name='PVT M.Mainu' ID=1796731323, steamID=76561199200128375. Ping too high (285/ 200 ms)
 7:44:21 Slow network for player name='PVT M.Mainu' ID=1796731323, steamID=76561199200128375. Ping too high (283/ 200 ms)
 7:44:28 Player PVT M.Mainu disconnected.
 7:44:28 All users disconnected, waiting for users.
 7:45:08 PVT M.Mainu uses modified data file
 7:45:09 Mission Zeus_Kunduz_River.kunduz_valley read from bank.
 7:45:10 Player PVT M.Mainu connecting.
 7:45:11 Player PVT M.Mainu disconnected.
 7:45:11 All users disconnected, waiting for users.
 7:53:27 PVT M.Mainu uses modified data file
 7:53:27 Mission Zeus_Kunduz_River.kunduz_valley read from bank.
 7:53:29 Player PVT M.Mainu connecting.
 7:53:32 Player PVT M.Mainu connected (id=76561199200128375).
 7:54:02 Player PVT M.Mainu disconnected.
 7:54:02 All users disconnected, waiting for users.
11:13:37 PV2 S.Anderson uses modified data file
11:13:37 Mission Zeus_Kunduz_River.kunduz_valley read from bank.
11:13:38 Player PV2 S.Anderson disconnected.
11:13:38 All users disconnected, waiting for users.
11:16:43 PFC S.Guss uses modified data file
11:16:44 Mission Zeus_Kunduz_River.kunduz_valley read from bank.
11:16:46 Player PFC S.Guss connecting.
11:16:48 Player PFC S.Guss connected (id=76561198028586703).
11:17:10 Player PFC S.Guss disconnected.
11:17:10 All users disconnected, waiting for users.
11:17:43 CW2 D.Frost uses modified data file
11:17:44 Mission Zeus_Kunduz_River.kunduz_valley read from bank.
11:17:45 Player CW2 D.Frost connecting.
11:17:46 Player CW2 D.Frost connected (id=76561198064885512).
11:19:14 Roles assigned.
11:19:14 Reading mission ...
11:19:16 Mission read.
11:22:56 Player CW2 D.Frost disconnected.
11:22:56 All users disconnected, waiting for users.
11:23:23 PV2 S.Anderson uses modified data file
11:23:23 Mission Zeus_Kunduz_River.kunduz_valley read from bank.
11:23:24 Player PV2 S.Anderson disconnected.
11:23:24 All users disconnected, waiting for users.
11:25:42 SGT G.York uses modified data file
11:25:42 Mission Zeus_Kunduz_River.kunduz_valley read from bank.
11:25:44 Player SGT G.York connecting.
11:25:45 Player SGT G.York connected (id=76561199048399625).
11:26:30 Roles assigned.
11:26:30 Reading mission ...
11:26:32 Mission read.
11:27:52 Game started.
11:28:06 CW2 D.Frost uses modified data file
11:28:07 Player CW2 D.Frost connecting.
11:28:08 Player CW2 D.Frost connected (id=76561198064885512).
11:29:10 SPC T.Mensink uses modified data file
11:29:11 Player SPC T.Mensink connecting.
11:29:12 Player SPC T.Mensink connected (id=76561199654119953).
11:31:01 Player SPC T.Mensink disconnected.
11:32:01 PV2 S.Anderson uses modified data file
11:32:02 Player PV2 S.Anderson disconnected.
11:32:52 PV2 S.Anderson uses modified data file
11:32:53 Player PV2 S.Anderson disconnected.
11:35:14 SPC N.McEnheimer uses modified data file
11:35:14 Player SPC N.McEnheimer connecting.
11:35:16 Player SPC N.McEnheimer connected (id=76561199586669985).
11:35:48 PV2 S.Anderson uses modified data file
11:35:48 Player PV2 S.Anderson disconnected.
11:36:04 PV2 S.Anderson uses modified data file
11:36:04 Player PV2 S.Anderson disconnected.
11:36:33 SPC D.Hughson uses modified data file
11:36:33 Player SPC D.Hughson connecting.
11:36:35 Player SPC D.Hughson connected (id=76561197988264299).
11:37:31 SPC T.Mensink uses modified data file
11:37:31 Player SPC T.Mensink connecting.
11:37:33 Player SPC T.Mensink connected (id=76561199654119953).
11:38:35 RGC B.Hansen uses modified data file
11:38:36 Player RGC B.Hansen connecting.
11:38:37 Player RGC B.Hansen connected (id=76561198240446616).
11:38:47 Player RGC B.Hansen disconnected.
11:38:58 Selt uses modified data file
11:38:59 Player Selt connecting.
11:39:01 Player Selt connected (id=76561199261636966).
11:39:12 PV2 S.Anderson uses modified data file
11:39:12 Player PV2 S.Anderson connecting.
11:39:13 Player PV2 S.Anderson connected (id=76561198001681975).
11:39:20 Files F:\SteamLibrary\steamapps\common\Arma 3\!Workshop\@Isla Duala\addons\brg_africa.pbo are not signed by a key accepted by this server. To play on this server, remove listed files or install additional accepted keys.
11:39:20 Player PV2 S.Anderson disconnected.
11:39:26 PFC S.Guss uses modified data file
11:39:27 Player PFC S.Guss connecting.
11:39:29 Player PFC S.Guss connected (id=76561198028586703).
11:39:49 SPC A.Borovetski uses modified data file
11:39:49 Player SPC A.Borovetski connecting.
11:39:51 Player SPC A.Borovetski connected (id=76561198072101545).
11:39:53 PV2 S.Anderson uses modified data file
11:39:54 Player PV2 S.Anderson connecting.
11:39:55 Player PV2 S.Anderson connected (id=76561198001681975).
11:39:56 Slow network for player name='PFC S.Guss' ID=1087000392, steamID=76561198028586703. Ping too high (526/ 200 ms)
11:40:02 Files F:\SteamLibrary\steamapps\common\Arma 3\!Workshop\@Isla Duala\addons\brg_africa.pbo are not signed by a key accepted by this server. To play on this server, remove listed files or install additional accepted keys.
11:40:02 Player PV2 S.Anderson disconnected.
11:40:26 Slow network for player name='PFC S.Guss' ID=1087000392, steamID=76561198028586703. Ping too high (528/ 200 ms)
11:40:35 PFC L.Holmsen uses modified data file
11:40:35 Player PFC L.Holmsen connecting.
11:40:36 Player PFC L.Holmsen connected (id=76561198086361847).
11:40:41 Slow network for player name='PFC S.Guss' ID=1087000392, steamID=76561198028586703. Ping too high (528/ 200 ms)
11:41:11 PFC J.Neff uses modified data file
11:41:11 Slow network for player name='PFC S.Guss' ID=1087000392, steamID=76561198028586703. Ping too high (528/ 200 ms)
11:41:11 Player PFC J.Neff connecting.
11:41:13 Player PFC J.Neff connected (id=76561198845640396).
11:41:18 Slow network for player name='PFC S.Guss' ID=1087000392, steamID=76561198028586703. Ping too high (527/ 200 ms)
11:41:30 SPC J.Nicholas uses modified data file
11:41:30 Player SPC J.Nicholas connecting.
11:41:32 Player SPC J.Nicholas connected (id=76561198158819505).
11:41:37 Slow network for player name='PFC S.Guss' ID=1087000392, steamID=76561198028586703. Ping too high (527/ 200 ms)
11:42:07 Slow network for player name='PFC S.Guss' ID=1087000392, steamID=76561198028586703. Ping too high (530/ 200 ms)
11:42:37 Slow network for player name='PFC S.Guss' ID=1087000392, steamID=76561198028586703. Ping too high (527/ 200 ms)
11:42:47 PFC N.Mcintosh uses modified data file
11:42:47 Player PFC N.Mcintosh connecting.
11:42:48 Player PFC N.Mcintosh connected (id=76561198098931400).
11:42:52 SPC B.Hansen uses modified data file
11:42:53 Player SPC B.Hansen connecting.
11:42:53 Slow network for player name='PFC S.Guss' ID=1087000392, steamID=76561198028586703. Ping too high (527/ 200 ms)
11:42:54 Player SPC B.Hansen connected (id=76561198240446616).
11:42:59 Slow network for player name='PFC S.Guss' ID=1087000392, steamID=76561198028586703. Ping too high (527/ 200 ms)
11:43:12 PV2 S.Anderson uses modified data file
11:43:12 Player PV2 S.Anderson connecting.
11:43:14 Player PV2 S.Anderson connected (id=76561198001681975).
11:43:19 Slow network for player name='PFC S.Guss' ID=1087000392, steamID=76561198028586703. Ping too high (529/ 200 ms)
11:43:20 Files F:\SteamLibrary\steamapps\common\Arma 3\!Workshop\@Bala Murghab, Afghanistan\addons\bala_murghab_summer.pbo are not signed by a key accepted by this server. To play on this server, remove listed files or install additional accepted keys.
11:43:20 Player PV2 S.Anderson disconnected.
11:43:49 Slow network for player name='PFC S.Guss' ID=1087000392, steamID=76561198028586703. Ping too high (528/ 200 ms)
11:44:00 SPC T.Hunter uses modified data file
11:44:00 Player SPC T.Hunter connecting.
11:44:01 Player SPC T.Hunter connected (id=76561198153984825).
11:44:06 Slow network for player name='PFC S.Guss' ID=1087000392, steamID=76561198028586703. Ping too high (530/ 200 ms)
11:44:11 SPC A.Sapp uses modified data file
11:44:11 Player SPC A.Sapp connecting.
11:44:13 Player SPC A.Sapp connected (id=76561199789070521).
11:44:18 Slow network for player name='PFC S.Guss' ID=1087000392, steamID=76561198028586703. Ping too high (530/ 200 ms)
11:44:48 Slow network for player name='PFC S.Guss' ID=1087000392, steamID=76561198028586703. Ping too high (528/ 200 ms)
11:44:56 SGT X.Swoop uses modified data file
11:44:56 Player SGT X.Swoop connecting.
11:44:57 Player SGT X.Swoop connected (id=76561198006715620).
11:45:02 Slow network for player name='PFC S.Guss' ID=1087000392, steamID=76561198028586703. Ping too high (528/ 200 ms)
11:45:32 Player Selt disconnected.
11:45:32 Slow network for player name='PFC S.Guss' ID=1087000392, steamID=76561198028586703. Ping too high (527/ 200 ms)
11:45:39 SPC D.Hayes uses modified data file
11:45:40 Player SPC D.Hayes connecting.
11:45:41 Player SPC D.Hayes connected (id=76561198349963161).
11:45:42 PV2 T.Mansour uses modified data file
11:45:45 Player PV2 T.Mansour connecting.
11:45:46 Slow network for player name='PFC S.Guss' ID=1087000392, steamID=76561198028586703. Ping too high (527/ 200 ms)
11:45:47 Player PV2 T.Mansour connected (id=76561199261636966).
11:45:52 Slow network for player name='PFC S.Guss' ID=1087000392, steamID=76561198028586703. Ping too high (527/ 200 ms)
11:46:22 Slow network for player name='PFC S.Guss' ID=1087000392, steamID=76561198028586703. Ping too high (528/ 200 ms)
11:46:52 Slow network for player name='PFC S.Guss' ID=1087000392, steamID=76561198028586703. Ping too high (528/ 200 ms)
11:47:15 Player PV2 T.Mansour: Wrong signature for file C:\Program Files (x86)\Steam\steamapps\common\Arma 3\!Workshop\@Ctab Devastator Edition\addons\ctab.pbo
11:47:15 Player PV2 T.Mansour disconnected.
11:47:17 SPC M.Allen uses modified data file
11:47:17 Player SPC M.Allen connecting.
11:47:18 Player SPC M.Allen connected (id=76561198337652878).
11:47:22 Slow network for player name='PFC S.Guss' ID=1087000392, steamID=76561198028586703. Ping too high (528/ 200 ms)
11:47:34 PV2 S.Anderson uses modified data file
11:47:34 Player PV2 S.Anderson connecting.
11:47:36 Player PV2 S.Anderson connected (id=76561198001681975).
11:47:41 Slow network for player name='PFC S.Guss' ID=1087000392, steamID=76561198028586703. Ping too high (528/ 200 ms)
11:47:49 PV2 T.Mansour uses modified data file
11:47:52 Player PV2 T.Mansour connecting.
11:47:54 Player PV2 T.Mansour connected (id=76561199261636966).
11:47:59 Slow network for player name='PFC S.Guss' ID=1087000392, steamID=76561198028586703. Ping too high (528/ 200 ms)
11:48:11 SSG R.Ivanov uses modified data file
11:48:11 Player SSG R.Ivanov connecting.
11:48:12 Player SSG R.Ivanov connected (id=76561198016326368).
11:48:14 SGT J.Starling uses modified data file
11:48:14 Player SGT J.Starling connecting.
11:48:15 Player SGT J.Starling connected (id=76561198135487458).
11:48:17 Slow network for player name='PFC S.Guss' ID=1087000392, steamID=76561198028586703. Ping too high (529/ 200 ms)
11:48:26 Files C:\Program Files (x86)\Steam\steamapps\common\Arma 3\!Workshop\@3rd Infantry Division Mod\addons\third_flags.pbo are not signed by a key accepted by this server. To play on this server, remove listed files or install additional accepted keys.
11:48:26 Player SGT J.Starling disconnected.
11:48:48 Slow network for player name='PFC S.Guss' ID=1087000392, steamID=76561198028586703. Ping too high (528/ 200 ms)
11:49:18 Slow network for player name='PFC S.Guss' ID=1087000392, steamID=76561198028586703. Ping too high (528/ 200 ms)
11:49:19 PV2 D.Kale uses modified data file
11:49:19 Player PV2 D.Kale connecting.
11:49:21 Player PV2 D.Kale connected (id=76561198303754515).
11:49:23 Player PV2 T.Mansour: Wrong signature for file ibr\ibr_plants\cluttercutter.p3d
11:49:23 Player PV2 T.Mansour disconnected.
11:49:26 Slow network for player name='PFC S.Guss' ID=1087000392, steamID=76561198028586703. Ping too high (528/ 200 ms)
11:49:56 Slow network for player name='PFC S.Guss' ID=1087000392, steamID=76561198028586703. Ping too high (527/ 200 ms)
11:50:26 Slow network for player name='PFC S.Guss' ID=1087000392, steamID=76561198028586703. Ping too high (527/ 200 ms)
11:50:35 PV2 T.Mansour uses modified data file
11:50:36 Player PV2 T.Mansour connecting.
11:50:38 Player PV2 T.Mansour connected (id=76561199261636966).
11:50:43 Slow network for player name='PFC S.Guss' ID=1087000392, steamID=76561198028586703. Ping too high (527/ 200 ms)
11:51:13 Slow network for player name='PFC S.Guss' ID=1087000392, steamID=76561198028586703. Ping too high (528/ 200 ms)
11:51:24 SPC Z. Hudson uses modified data file
11:51:25 Player SPC Z. Hudson connecting.
11:51:26 Player SPC Z. Hudson connected (id=76561198845261690).
11:51:27 WOC D.Martin uses modified data file
11:51:28 Player WOC D.Martin connecting.
11:51:31 Slow network for player name='PFC S.Guss' ID=1087000392, steamID=76561198028586703. Ping too high (525/ 200 ms)
11:51:38 Player WOC D.Martin connected (id=76561198137109722).
11:51:43 Slow network for player name='PFC S.Guss' ID=1087000392, steamID=76561198028586703. Ping too high (525/ 200 ms)
11:51:53 SGT S.Ohwo uses modified data file
11:51:54 Player SGT S.Ohwo connecting.
11:51:55 Player SGT S.Ohwo connected (id=76561198247481016).
11:52:00 Slow network for player name='PFC S.Guss' ID=1087000392, steamID=76561198028586703. Ping too high (526/ 200 ms)
11:52:07 Player PV2 T.Mansour: Wrong signature for file a3\structures_f\walls\mound02_8m_f.p3d
11:52:07 Player PV2 T.Mansour disconnected.
11:52:30 Slow network for player name='PFC S.Guss' ID=1087000392, steamID=76561198028586703. Ping too high (527/ 200 ms)
11:53:00 Slow network for player name='PFC S.Guss' ID=1087000392, steamID=76561198028586703. Ping too high (526/ 200 ms)
11:53:30 Slow network for player name='PFC S.Guss' ID=1087000392, steamID=76561198028586703. Ping too high (526/ 200 ms)
11:53:36 SGT J.Starling uses modified data file
11:53:36 Player SGT J.Starling connecting.
11:53:37 Player SGT J.Starling connected (id=76561198135487458).
11:53:42 Slow network for player name='PFC S.Guss' ID=1087000392, steamID=76561198028586703. Ping too high (527/ 200 ms)
11:54:12 Slow network for player name='PFC S.Guss' ID=1087000392, steamID=76561198028586703. Ping too high (527/ 200 ms)
11:54:42 Slow network for player name='PFC S.Guss' ID=1087000392, steamID=76561198028586703. Ping too high (526/ 200 ms)
11:55:12 Slow network for player name='PFC S.Guss' ID=1087000392, steamID=76561198028586703. Ping too high (527/ 200 ms)
11:55:42 Slow network for player name='PFC S.Guss' ID=1087000392, steamID=76561198028586703. Ping too high (527/ 200 ms)
11:56:12 Slow network for player name='PFC S.Guss' ID=1087000392, steamID=76561198028586703. Ping too high (526/ 200 ms)
11:56:42 Slow network for player name='PFC S.Guss' ID=1087000392, steamID=76561198028586703. Ping too high (527/ 200 ms)
11:57:02 SPC J. Koe uses modified data file
11:57:03 Player SPC J. Koe connecting.
11:57:04 Player SPC J. Koe connected (id=76561198198641309).
11:57:09 Slow network for player name='PFC S.Guss' ID=1087000392, steamID=76561198028586703. Ping too high (527/ 200 ms)
11:57:39 Slow network for player name='PFC S.Guss' ID=1087000392, steamID=76561198028586703. Ping too high (528/ 200 ms)
11:57:48 CPL A.Bills uses modified data file
11:57:48 Player CPL A.Bills connecting.
11:57:50 Player CPL A.Bills connected (id=76561198272434282).
11:57:54 RGC J.White uses modified data file
11:57:54 Player RGC J.White connecting.
11:57:55 Slow network for player name='PFC S.Guss' ID=1087000392, steamID=76561198028586703. Ping too high (527/ 200 ms)
11:57:55 Player RGC J.White connected (id=76561198254767457).
11:58:00 Slow network for player name='PFC S.Guss' ID=1087000392, steamID=76561198028586703. Ping too high (527/ 200 ms)
11:58:01 Files C:\Program Files (x86)\Steam\steamapps\common\Arma 3\!Workshop\@3rd Infantry Division Mod\addons\third_flags.pbo are not signed by a key accepted by this server. To play on this server, remove listed files or install additional accepted keys.
11:58:01 Player CPL A.Bills disconnected.
11:58:02 Player RGC J.White disconnected.
11:58:17 PFC J.White uses modified data file
11:58:17 Player PFC J.White connecting.
11:58:19 Player PFC J.White connected (id=76561198254767457).
11:58:24 Slow network for player name='PFC S.Guss' ID=1087000392, steamID=76561198028586703. Ping too high (528/ 200 ms)
11:58:54 Slow network for player name='PFC S.Guss' ID=1087000392, steamID=76561198028586703. Ping too high (527/ 200 ms)
11:59:24 Slow network for player name='PFC S.Guss' ID=1087000392, steamID=76561198028586703. Ping too high (528/ 200 ms)
11:59:30 PV2 T.Mansour uses modified data file
11:59:32 Player PV2 T.Mansour connecting.
11:59:33 Player PV2 T.Mansour connected (id=76561199261636966).
11:59:38 Slow network for player name='PFC S.Guss' ID=1087000392, steamID=76561198028586703. Ping too high (528/ 200 ms)
12:00:08 Slow network for player name='PFC S.Guss' ID=1087000392, steamID=76561198028586703. Ping too high (528/ 200 ms)
12:00:37 Player PV2 T.Mansour disconnected.
12:00:38 Slow network for player name='PFC S.Guss' ID=1087000392, steamID=76561198028586703. Ping too high (526/ 200 ms)
12:01:08 Slow network for player name='PFC S.Guss' ID=1087000392, steamID=76561198028586703. Ping too high (526/ 200 ms)
12:01:38 Slow network for player name='PFC S.Guss' ID=1087000392, steamID=76561198028586703. Ping too high (526/ 200 ms)
12:02:07 PV2 T.Mansour uses modified data file
12:02:08 Player PV2 T.Mansour connecting.
12:02:09 Slow network for player name='PFC S.Guss' ID=1087000392, steamID=76561198028586703. Ping too high (525/ 200 ms)
12:02:13 Player PV2 T.Mansour connected (id=76561199261636966).
12:02:18 Slow network for player name='PFC S.Guss' ID=1087000392, steamID=76561198028586703. Ping too high (525/ 200 ms)
12:02:48 Slow network for player name='PFC S.Guss' ID=1087000392, steamID=76561198028586703. Ping too high (526/ 200 ms)
12:03:18 Slow network for player name='PFC S.Guss' ID=1087000392, steamID=76561198028586703. Ping too high (527/ 200 ms)
12:03:22 CPL A.Bills uses modified data file
12:03:23 Player CPL A.Bills connecting.
12:03:24 Player CPL A.Bills connected (id=76561198272434282).
12:03:29 Slow network for player name='PFC S.Guss' ID=1087000392, steamID=76561198028586703. Ping too high (527/ 200 ms)
12:03:56 Player PV2 T.Mansour: Wrong signature for file C:\Program Files (x86)\Steam\steamapps\common\Arma 3\!Workshop\@RHSAFRF\addons\rhs_a3retex.pbo
12:03:56 Player PV2 T.Mansour disconnected.
12:03:59 Slow network for player name='PFC S.Guss' ID=1087000392, steamID=76561198028586703. Ping too high (527/ 200 ms)
12:04:29 Slow network for player name='PFC S.Guss' ID=1087000392, steamID=76561198028586703. Ping too high (525/ 200 ms)
12:05:00 Slow network for player name='PFC S.Guss' ID=1087000392, steamID=76561198028586703. Ping too high (526/ 200 ms)
12:05:30 Slow network for player name='PFC S.Guss' ID=1087000392, steamID=76561198028586703. Ping too high (526/ 200 ms)
12:06:00 Slow network for player name='PFC S.Guss' ID=1087000392, steamID=76561198028586703. Ping too high (526/ 200 ms)
12:06:02 PV2 T.Mansour uses modified data file
12:06:04 Player PV2 T.Mansour connecting.
12:06:05 Player PV2 T.Mansour connected (id=76561199261636966).
12:06:10 Slow network for player name='PFC S.Guss' ID=1087000392, steamID=76561198028586703. Ping too high (527/ 200 ms)
12:06:40 Slow network for player name='PFC S.Guss' ID=1087000392, steamID=76561198028586703. Ping too high (527/ 200 ms)
12:06:47 OCS D.Lotus uses modified data file
12:06:47 Player OCS D.Lotus connecting.
12:06:49 Player OCS D.Lotus connected (id=76561198046799420).
12:06:54 Slow network for player name='PFC S.Guss' ID=1087000392, steamID=76561198028586703. Ping too high (528/ 200 ms)
12:07:24 Slow network for player name='PFC S.Guss' ID=1087000392, steamID=76561198028586703. Ping too high (527/ 200 ms)
12:07:54 Slow network for player name='PFC S.Guss' ID=1087000392, steamID=76561198028586703. Ping too high (527/ 200 ms)
12:08:24 Slow network for player name='PFC S.Guss' ID=1087000392, steamID=76561198028586703. Ping too high (527/ 200 ms)
12:08:54 Slow network for player name='PFC S.Guss' ID=1087000392, steamID=76561198028586703. Ping too high (527/ 200 ms)
12:09:24 Slow network for player name='PFC S.Guss' ID=1087000392, steamID=76561198028586703. Ping too high (527/ 200 ms)
12:09:24 Slow network for player name='PV2 T.Mansour' ID=1409860795, steamID=76561199261636966. Ping too high (203/ 200 ms)
12:09:54 Slow network for player name='PFC S.Guss' ID=1087000392, steamID=76561198028586703. Ping too high (527/ 200 ms)
12:09:54 Slow network for player name='PV2 T.Mansour' ID=1409860795, steamID=76561199261636966. Ping too high (222/ 200 ms)
12:10:24 Slow network for player name='PFC S.Guss' ID=1087000392, steamID=76561198028586703. Ping too high (529/ 200 ms)
12:10:24 Slow network for player name='PV2 T.Mansour' ID=1409860795, steamID=76561199261636966. Ping too high (221/ 200 ms)
12:10:54 Slow network for player name='PFC S.Guss' ID=1087000392, steamID=76561198028586703. Ping too high (527/ 200 ms)
12:11:14 Player PV2 T.Mansour disconnected.
12:11:24 Slow network for player name='PFC S.Guss' ID=1087000392, steamID=76561198028586703. Ping too high (526/ 200 ms)
12:11:54 Slow network for player name='PFC S.Guss' ID=1087000392, steamID=76561198028586703. Ping too high (528/ 200 ms)
12:12:24 Slow network for player name='PFC S.Guss' ID=1087000392, steamID=76561198028586703. Ping too high (527/ 200 ms)
12:12:54 Slow network for player name='PFC S.Guss' ID=1087000392, steamID=76561198028586703. Ping too high (525/ 200 ms)
12:13:24 Slow network for player name='PFC S.Guss' ID=1087000392, steamID=76561198028586703. Ping too high (527/ 200 ms)
12:13:54 Slow network for player name='PFC S.Guss' ID=1087000392, steamID=76561198028586703. Ping too high (528/ 200 ms)
12:14:03 Player PFC J.White disconnected.
12:14:24 Slow network for player name='PFC S.Guss' ID=1087000392, steamID=76561198028586703. Ping too high (528/ 200 ms)
12:14:32 WO1 J.White uses modified data file
12:14:33 Player WO1 J.White connecting.
12:14:34 Player WO1 J.White connected (id=76561198254767457).
12:14:39 Slow network for player name='PFC S.Guss' ID=1087000392, steamID=76561198028586703. Ping too high (527/ 200 ms)
12:15:09 Slow network for player name='PFC S.Guss' ID=1087000392, steamID=76561198028586703. Ping too high (527/ 200 ms)
12:15:39 Slow network for player name='PFC S.Guss' ID=1087000392, steamID=76561198028586703. Ping too high (527/ 200 ms)
12:16:09 Slow network for player name='PFC S.Guss' ID=1087000392, steamID=76561198028586703. Ping too high (528/ 200 ms)
12:16:39 Slow network for player name='PFC S.Guss' ID=1087000392, steamID=76561198028586703. Ping too high (528/ 200 ms)
12:17:09 Slow network for player name='PFC S.Guss' ID=1087000392, steamID=76561198028586703. Ping too high (528/ 200 ms)
12:17:39 Slow network for player name='PFC S.Guss' ID=1087000392, steamID=76561198028586703. Ping too high (527/ 200 ms)
12:18:09 Slow network for player name='PFC S.Guss' ID=1087000392, steamID=76561198028586703. Ping too high (526/ 200 ms)
12:18:39 Slow network for player name='PFC S.Guss' ID=1087000392, steamID=76561198028586703. Ping too high (528/ 200 ms)
12:19:09 Slow network for player name='PFC S.Guss' ID=1087000392, steamID=76561198028586703. Ping too high (531/ 200 ms)
12:19:27 Player SPC D.Hughson disconnected.
12:19:39 Slow network for player name='PFC S.Guss' ID=1087000392, steamID=76561198028586703. Ping too high (528/ 200 ms)
12:20:09 Slow network for player name='PFC S.Guss' ID=1087000392, steamID=76561198028586703. Ping too high (527/ 200 ms)
12:20:35 CW2 J.Tracey uses modified data file
12:20:36 Player CW2 J.Tracey connecting.
12:20:37 Player CW2 J.Tracey connected (id=76561198144601440).
12:20:39 Slow network for player name='PFC S.Guss' ID=1087000392, steamID=76561198028586703. Ping too high (528/ 200 ms)
12:21:07 PV2 T.Mansour uses modified data file
12:21:07 Player PV2 T.Mansour connecting.
12:21:09 Player PV2 T.Mansour connected (id=76561199261636966).
12:21:09 Slow network for player name='PFC S.Guss' ID=1087000392, steamID=76561198028586703. Ping too high (527/ 200 ms)
12:21:15 Player SGT G.York disconnected.
12:21:39 Slow network for player name='PFC S.Guss' ID=1087000392, steamID=76561198028586703. Ping too high (527/ 200 ms)
12:22:09 Slow network for player name='PFC S.Guss' ID=1087000392, steamID=76561198028586703. Ping too high (527/ 200 ms)
12:22:22 SGT G.York uses modified data file
12:22:23 Player SGT G.York connecting.
12:22:24 Player SGT G.York connected (id=76561199048399625).
12:22:25 SPC D.Hughson uses modified data file
12:22:25 Player SPC D.Hughson connecting.
12:22:27 Player SPC D.Hughson connected (id=76561197988264299).
12:22:29 Slow network for player name='PFC S.Guss' ID=1087000392, steamID=76561198028586703. Ping too high (529/ 200 ms)
12:22:59 Slow network for player name='PFC S.Guss' ID=1087000392, steamID=76561198028586703. Ping too high (528/ 200 ms)
12:23:29 Slow network for player name='PFC S.Guss' ID=1087000392, steamID=76561198028586703. Ping too high (528/ 200 ms)
12:23:59 Slow network for player name='PFC S.Guss' ID=1087000392, steamID=76561198028586703. Ping too high (527/ 200 ms)
12:24:29 Slow network for player name='PFC S.Guss' ID=1087000392, steamID=76561198028586703. Ping too high (527/ 200 ms)
12:24:59 Slow network for player name='PFC S.Guss' ID=1087000392, steamID=76561198028586703. Ping too high (527/ 200 ms)
12:25:29 Slow network for player name='PFC S.Guss' ID=1087000392, steamID=76561198028586703. Ping too high (527/ 200 ms)
12:25:29 Slow network for player name='SPC B.Hansen' ID=1028459721, steamID=76561198240446616. Ping too high (285/ 200 ms)
12:25:59 Slow network for player name='PFC S.Guss' ID=1087000392, steamID=76561198028586703. Ping too high (528/ 200 ms)
12:26:29 Slow network for player name='PFC S.Guss' ID=1087000392, steamID=76561198028586703. Ping too high (527/ 200 ms)
12:26:59 Slow network for player name='PFC S.Guss' ID=1087000392, steamID=76561198028586703. Ping too high (528/ 200 ms)
12:27:03 Player SPC D.Hughson: Wrong signature for file D:\SteamLibrary\steamapps\common\Arma 3\!Workshop\@ace\addons\ace_metis.pbo
12:27:03 Player SPC D.Hughson disconnected.
12:27:29 Slow network for player name='PFC S.Guss' ID=1087000392, steamID=76561198028586703. Ping too high (528/ 200 ms)
12:27:59 Slow network for player name='PFC S.Guss' ID=1087000392, steamID=76561198028586703. Ping too high (527/ 200 ms)
12:28:29 Slow network for player name='PFC S.Guss' ID=1087000392, steamID=76561198028586703. Ping too high (528/ 200 ms)
12:28:59 Slow network for player name='PFC S.Guss' ID=1087000392, steamID=76561198028586703. Ping too high (528/ 200 ms)
12:29:29 Slow network for player name='PFC S.Guss' ID=1087000392, steamID=76561198028586703. Ping too high (528/ 200 ms)
12:29:59 Slow network for player name='PFC S.Guss' ID=1087000392, steamID=76561198028586703. Ping too high (528/ 200 ms)
12:30:10 SPC D.Hughson uses modified data file
12:30:10 Player SPC D.Hughson connecting.
12:30:12 Player SPC D.Hughson connected (id=76561197988264299).
12:30:17 Slow network for player name='PFC S.Guss' ID=1087000392, steamID=76561198028586703. Ping too high (527/ 200 ms)
12:30:47 Slow network for player name='PFC S.Guss' ID=1087000392, steamID=76561198028586703. Ping too high (527/ 200 ms)
12:31:17 Slow network for player name='PFC S.Guss' ID=1087000392, steamID=76561198028586703. Ping too high (527/ 200 ms)
12:31:47 Slow network for player name='PFC S.Guss' ID=1087000392, steamID=76561198028586703. Ping too high (529/ 200 ms)
12:32:17 Slow network for player name='PFC S.Guss' ID=1087000392, steamID=76561198028586703. Ping too high (530/ 200 ms)
12:32:47 Slow network for player name='PFC S.Guss' ID=1087000392, steamID=76561198028586703. Ping too high (529/ 200 ms)
12:32:57 SPC B.Bishop uses modified data file
12:32:57 Player SPC B.Bishop connecting.
12:32:59 Player SPC B.Bishop connected (id=76561198076022373).
12:33:04 Slow network for player name='PFC S.Guss' ID=1087000392, steamID=76561198028586703. Ping too high (528/ 200 ms)
12:33:22 Player SPC D.Hughson is losing connection
12:33:34 Slow network for player name='PFC S.Guss' ID=1087000392, steamID=76561198028586703. Ping too high (531/ 200 ms)
12:34:04 Slow network for player name='PFC S.Guss' ID=1087000392, steamID=76561198028586703. Ping too high (528/ 200 ms)
12:34:34 Slow network for player name='PFC S.Guss' ID=1087000392, steamID=76561198028586703. Ping too high (527/ 200 ms)
12:34:42 Slow network for player name='SPC D.Hughson', ID=29877623, steamID=76561197988264299. DisconnectTimeout too high (13/90000 ms)
12:34:43 Player SPC D.Hughson disconnected.
12:35:04 Slow network for player name='PFC S.Guss' ID=1087000392, steamID=76561198028586703. Ping too high (526/ 200 ms)
12:35:34 Slow network for player name='PFC S.Guss' ID=1087000392, steamID=76561198028586703. Ping too high (527/ 200 ms)
12:36:04 Slow network for player name='PFC S.Guss' ID=1087000392, steamID=76561198028586703. Ping too high (526/ 200 ms)
12:36:34 Slow network for player name='PFC S.Guss' ID=1087000392, steamID=76561198028586703. Ping too high (529/ 200 ms)
12:37:04 Slow network for player name='PFC S.Guss' ID=1087000392, steamID=76561198028586703. Ping too high (530/ 200 ms)
12:37:34 Slow network for player name='PFC S.Guss' ID=1087000392, steamID=76561198028586703. Ping too high (528/ 200 ms)
12:38:04 Slow network for player name='PFC S.Guss' ID=1087000392, steamID=76561198028586703. Ping too high (527/ 200 ms)
12:38:26 SPC D.Hughson uses modified data file
12:38:26 Player SPC D.Hughson connecting.
12:38:28 Player SPC D.Hughson connected (id=76561197988264299).
12:38:33 Slow network for player name='PFC S.Guss' ID=1087000392, steamID=76561198028586703. Ping too high (526/ 200 ms)
12:39:03 Slow network for player name='PFC S.Guss' ID=1087000392, steamID=76561198028586703. Ping too high (526/ 200 ms)
12:39:33 Slow network for player name='PFC S.Guss' ID=1087000392, steamID=76561198028586703. Ping too high (526/ 200 ms)
12:40:03 Slow network for player name='PFC S.Guss' ID=1087000392, steamID=76561198028586703. Ping too high (526/ 200 ms)
12:40:33 Slow network for player name='PFC S.Guss' ID=1087000392, steamID=76561198028586703. Ping too high (529/ 200 ms)
12:41:03 Slow network for player name='PFC S.Guss' ID=1087000392, steamID=76561198028586703. Ping too high (528/ 200 ms)
12:41:33 Slow network for player name='PFC S.Guss' ID=1087000392, steamID=76561198028586703. Ping too high (527/ 200 ms)
12:42:03 Slow network for player name='PFC S.Guss' ID=1087000392, steamID=76561198028586703. Ping too high (527/ 200 ms)
12:42:33 Slow network for player name='PFC S.Guss' ID=1087000392, steamID=76561198028586703. Ping too high (528/ 200 ms)
12:43:03 Slow network for player name='PFC S.Guss' ID=1087000392, steamID=76561198028586703. Ping too high (528/ 200 ms)
12:43:33 Slow network for player name='PFC S.Guss' ID=1087000392, steamID=76561198028586703. Ping too high (528/ 200 ms)
12:44:03 Slow network for player name='PFC S.Guss' ID=1087000392, steamID=76561198028586703. Ping too high (530/ 200 ms)
12:44:33 Slow network for player name='PFC S.Guss' ID=1087000392, steamID=76561198028586703. Ping too high (527/ 200 ms)
12:45:03 Slow network for player name='PFC S.Guss' ID=1087000392, steamID=76561198028586703. Ping too high (527/ 200 ms)
12:45:33 Slow network for player name='PFC S.Guss' ID=1087000392, steamID=76561198028586703. Ping too high (527/ 200 ms)
12:46:03 Slow network for player name='PFC S.Guss' ID=1087000392, steamID=76561198028586703. Ping too high (528/ 200 ms)
12:46:33 Slow network for player name='PFC S.Guss' ID=1087000392, steamID=76561198028586703. Ping too high (526/ 200 ms)
12:47:03 Slow network for player name='PFC S.Guss' ID=1087000392, steamID=76561198028586703. Ping too high (528/ 200 ms)
12:47:33 Slow network for player name='PFC S.Guss' ID=1087000392, steamID=76561198028586703. Ping too high (527/ 200 ms)
12:48:03 Slow network for player name='PFC S.Guss' ID=1087000392, steamID=76561198028586703. Ping too high (527/ 200 ms)
12:48:33 Slow network for player name='PFC S.Guss' ID=1087000392, steamID=76561198028586703. Ping too high (527/ 200 ms)
12:49:03 Slow network for player name='PFC S.Guss' ID=1087000392, steamID=76561198028586703. Ping too high (528/ 200 ms)
12:49:22 Player CPL A.Bills disconnected.
12:49:27 Player PV2 D.Kale disconnected.
12:49:33 Slow network for player name='PFC S.Guss' ID=1087000392, steamID=76561198028586703. Ping too high (527/ 200 ms)
12:49:36 Player SPC B.Bishop disconnected.
12:49:36 SPC S.Kidon uses modified data file
12:49:37 Player SPC S.Kidon connecting.
12:49:38 Player SPC S.Kidon connected (id=76561199155841120).
12:49:43 Slow network for player name='PFC S.Guss' ID=1087000392, steamID=76561198028586703. Ping too high (527/ 200 ms)
12:49:45 Player SGT S.Ohwo disconnected.
12:50:13 Slow network for player name='PFC S.Guss' ID=1087000392, steamID=76561198028586703. Ping too high (527/ 200 ms)
12:50:43 Player SPC J.Nicholas disconnected.
12:50:43 Slow network for player name='PFC S.Guss' ID=1087000392, steamID=76561198028586703. Ping too high (526/ 200 ms)
12:51:13 Slow network for player name='PFC S.Guss' ID=1087000392, steamID=76561198028586703. Ping too high (528/ 200 ms)
12:51:31 Player SPC S.Kidon disconnected.
12:51:43 Slow network for player name='PFC S.Guss' ID=1087000392, steamID=76561198028586703. Ping too high (527/ 200 ms)
12:52:13 Slow network for player name='PFC S.Guss' ID=1087000392, steamID=76561198028586703. Ping too high (527/ 200 ms)
12:52:43 Slow network for player name='PFC S.Guss' ID=1087000392, steamID=76561198028586703. Ping too high (527/ 200 ms)
12:53:13 Slow network for player name='PFC S.Guss' ID=1087000392, steamID=76561198028586703. Ping too high (528/ 200 ms)
12:53:43 Slow network for player name='PFC S.Guss' ID=1087000392, steamID=76561198028586703. Ping too high (528/ 200 ms)
12:54:13 Slow network for player name='PFC S.Guss' ID=1087000392, steamID=76561198028586703. Ping too high (528/ 200 ms)
12:54:43 Slow network for player name='PFC S.Guss' ID=1087000392, steamID=76561198028586703. Ping too high (528/ 200 ms)
12:55:13 Slow network for player name='PFC S.Guss' ID=1087000392, steamID=76561198028586703. Ping too high (529/ 200 ms)
12:55:43 Slow network for player name='PFC S.Guss' ID=1087000392, steamID=76561198028586703. Ping too high (528/ 200 ms)
12:56:13 Slow network for player name='PFC S.Guss' ID=1087000392, steamID=76561198028586703. Ping too high (526/ 200 ms)
12:56:43 Slow network for player name='PFC S.Guss' ID=1087000392, steamID=76561198028586703. Ping too high (529/ 200 ms)
12:57:13 Slow network for player name='PFC S.Guss' ID=1087000392, steamID=76561198028586703. Ping too high (527/ 200 ms)
12:57:43 Slow network for player name='PFC S.Guss' ID=1087000392, steamID=76561198028586703. Ping too high (527/ 200 ms)
12:58:13 Slow network for player name='PFC S.Guss' ID=1087000392, steamID=76561198028586703. Ping too high (527/ 200 ms)
12:58:37 Player SSG R.Ivanov disconnected.
12:58:43 Slow network for player name='PFC S.Guss' ID=1087000392, steamID=76561198028586703. Ping too high (527/ 200 ms)
12:59:13 Slow network for player name='PFC S.Guss' ID=1087000392, steamID=76561198028586703. Ping too high (528/ 200 ms)
12:59:18 Player SPC D.Hayes disconnected.
12:59:21 Player SPC Z. Hudson disconnected.
12:59:25 Player SPC J. Koe disconnected.
12:59:25 Player SGT X.Swoop disconnected.
12:59:42 Player SPC M.Allen disconnected.
12:59:43 Slow network for player name='PFC S.Guss' ID=1087000392, steamID=76561198028586703. Ping too high (528/ 200 ms)
13:00:13 Slow network for player name='PFC S.Guss' ID=1087000392, steamID=76561198028586703. Ping too high (529/ 200 ms)
13:00:43 Slow network for player name='PFC S.Guss' ID=1087000392, steamID=76561198028586703. Ping too high (526/ 200 ms)
13:01:13 Slow network for player name='PFC S.Guss' ID=1087000392, steamID=76561198028586703. Ping too high (526/ 200 ms)
13:01:43 Slow network for player name='PFC S.Guss' ID=1087000392, steamID=76561198028586703. Ping too high (527/ 200 ms)
13:02:13 Slow network for player name='PFC S.Guss' ID=1087000392, steamID=76561198028586703. Ping too high (526/ 200 ms)
13:02:43 Slow network for player name='PFC S.Guss' ID=1087000392, steamID=76561198028586703. Ping too high (527/ 200 ms)
13:03:09 Player SPC T.Hunter disconnected.
13:03:13 Slow network for player name='PFC S.Guss' ID=1087000392, steamID=76561198028586703. Ping too high (526/ 200 ms)
13:03:43 Slow network for player name='PFC S.Guss' ID=1087000392, steamID=76561198028586703. Ping too high (526/ 200 ms)
13:04:13 Slow network for player name='PFC S.Guss' ID=1087000392, steamID=76561198028586703. Ping too high (527/ 200 ms)
13:04:43 Slow network for player name='PFC S.Guss' ID=1087000392, steamID=76561198028586703. Ping too high (528/ 200 ms)
13:05:13 Slow network for player name='PFC S.Guss' ID=1087000392, steamID=76561198028586703. Ping too high (528/ 200 ms)
13:05:43 Slow network for player name='PFC S.Guss' ID=1087000392, steamID=76561198028586703. Ping too high (529/ 200 ms)
13:06:13 Slow network for player name='PFC S.Guss' ID=1087000392, steamID=76561198028586703. Ping too high (528/ 200 ms)
13:06:43 Slow network for player name='PFC S.Guss' ID=1087000392, steamID=76561198028586703. Ping too high (528/ 200 ms)
13:07:13 Slow network for player name='PFC S.Guss' ID=1087000392, steamID=76561198028586703. Ping too high (527/ 200 ms)
13:07:43 Slow network for player name='PFC S.Guss' ID=1087000392, steamID=76561198028586703. Ping too high (528/ 200 ms)
13:08:13 Slow network for player name='PFC S.Guss' ID=1087000392, steamID=76561198028586703. Ping too high (527/ 200 ms)
13:08:43 Slow network for player name='PFC S.Guss' ID=1087000392, steamID=76561198028586703. Ping too high (528/ 200 ms)
13:09:13 Slow network for player name='PFC S.Guss' ID=1087000392, steamID=76561198028586703. Ping too high (526/ 200 ms)
13:09:43 Slow network for player name='PFC S.Guss' ID=1087000392, steamID=76561198028586703. Ping too high (526/ 200 ms)
13:10:14 Slow network for player name='PFC S.Guss' ID=1087000392, steamID=76561198028586703. Ping too high (526/ 200 ms)
13:10:44 Slow network for player name='PFC S.Guss' ID=1087000392, steamID=76561198028586703. Ping too high (529/ 200 ms)
13:11:14 Slow network for player name='PFC S.Guss' ID=1087000392, steamID=76561198028586703. Ping too high (528/ 200 ms)
13:11:44 Slow network for player name='PFC S.Guss' ID=1087000392, steamID=76561198028586703. Ping too high (527/ 200 ms)
13:12:14 Slow network for player name='PFC S.Guss' ID=1087000392, steamID=76561198028586703. Ping too high (527/ 200 ms)
13:12:44 Slow network for player name='PFC S.Guss' ID=1087000392, steamID=76561198028586703. Ping too high (527/ 200 ms)
13:13:14 Slow network for player name='PFC S.Guss' ID=1087000392, steamID=76561198028586703. Ping too high (527/ 200 ms)
13:13:44 Slow network for player name='PFC S.Guss' ID=1087000392, steamID=76561198028586703. Ping too high (527/ 200 ms)
13:14:14 Slow network for player name='PFC S.Guss' ID=1087000392, steamID=76561198028586703. Ping too high (527/ 200 ms)
13:14:44 Slow network for player name='PFC S.Guss' ID=1087000392, steamID=76561198028586703. Ping too high (528/ 200 ms)
13:15:14 Slow network for player name='PFC S.Guss' ID=1087000392, steamID=76561198028586703. Ping too high (529/ 200 ms)
13:15:44 Slow network for player name='PFC S.Guss' ID=1087000392, steamID=76561198028586703. Ping too high (527/ 200 ms)
13:16:14 Slow network for player name='PFC S.Guss' ID=1087000392, steamID=76561198028586703. Ping too high (527/ 200 ms)
13:16:44 Slow network for player name='PFC S.Guss' ID=1087000392, steamID=76561198028586703. Ping too high (526/ 200 ms)
13:17:14 Slow network for player name='PFC S.Guss' ID=1087000392, steamID=76561198028586703. Ping too high (526/ 200 ms)
13:17:44 Slow network for player name='PFC S.Guss' ID=1087000392, steamID=76561198028586703. Ping too high (527/ 200 ms)
13:18:14 Slow network for player name='PFC S.Guss' ID=1087000392, steamID=76561198028586703. Ping too high (525/ 200 ms)
13:18:44 Slow network for player name='PFC S.Guss' ID=1087000392, steamID=76561198028586703. Ping too high (526/ 200 ms)
13:19:08 Player PFC N.Mcintosh disconnected.
13:19:14 Slow network for player name='PFC S.Guss' ID=1087000392, steamID=76561198028586703. Ping too high (527/ 200 ms)
13:19:19 Player PFC S.Guss disconnected.
13:19:23 Player PFC L.Holmsen disconnected.
13:19:33 Player SPC B.Hansen disconnected.
13:19:33 Player PFC J.Neff disconnected.
13:20:31 Player SPC A.Borovetski disconnected.
13:20:58 Player PV2 T.Mansour disconnected.
13:21:13 Player SPC D.Hughson disconnected.
13:24:54 Player SPC A.Sapp disconnected.
13:28:19 Player PV2 S.Anderson disconnected.
13:28:24 Player SGT G.York disconnected.
13:28:25 Player SPC N.McEnheimer disconnected.
13:28:37 Player SPC T.Mensink disconnected.
13:41:37 Player CW2 J.Tracey disconnected.
13:54:04 Player CW2 D.Frost disconnected.
13:54:10 Player WO1 J.White disconnected.
13:54:33 Player OCS D.Lotus disconnected.
13:54:53 Player WOC D.Martin disconnected.
13:55:36 Game finished.
class Session
{
	mission="Zeus_Kunduz_River";
	island="kunduz_valley";
	gameType="";
	duration=8863.9502;
	class Player1
	{
		name="CW2 D.Frost";
		killsInfantry=75;
		killsSoft=3;
		killsArmor=5;
		killsAir=1;
		killsPlayers=0;
		customScore=0;
		killsTotal=101;
		killed=0;
	};
	class Player2
	{
		name="SPC A.Borovetski";
		killsInfantry=37;
		killsSoft=0;
		killsArmor=1;
		killsAir=0;
		killsPlayers=0;
		customScore=0;
		killsTotal=40;
		killed=0;
	};
	class Player3
	{
		name="PFC J.Neff";
		killsInfantry=30;
		killsSoft=0;
		killsArmor=0;
		killsAir=0;
		killsPlayers=0;
		customScore=0;
		killsTotal=30;
		killed=2;
	};
	class Player4
	{
		name="SPC B.Hansen";
		killsInfantry=26;
		killsSoft=0;
		killsArmor=0;
		killsAir=0;
		killsPlayers=0;
		customScore=0;
		killsTotal=26;
		killed=1;
	};
	class Player5
	{
		name="SPC Z. Hudson";
		killsInfantry=24;
		killsSoft=0;
		killsArmor=0;
		killsAir=0;
		killsPlayers=0;
		customScore=0;
		killsTotal=24;
		killed=0;
	};
	class Player6
	{
		name="PFC S.Guss";
		killsInfantry=24;
		killsSoft=0;
		killsArmor=0;
		killsAir=0;
		killsPlayers=0;
		customScore=0;
		killsTotal=24;
		killed=3;
	};
	class Player7
	{
		name="SPC T.Mensink";
		killsInfantry=17;
		killsSoft=0;
		killsArmor=1;
		killsAir=0;
		killsPlayers=0;
		customScore=0;
		killsTotal=20;
		killed=1;
	};
	class Player8
	{
		name="SGT X.Swoop";
		killsInfantry=14;
		killsSoft=0;
		killsArmor=1;
		killsAir=0;
		killsPlayers=0;
		customScore=0;
		killsTotal=17;
		killed=0;
	};
	class Player9
	{
		name="PV2 S.Anderson";
		killsInfantry=18;
		killsSoft=0;
		killsArmor=-1;
		killsAir=0;
		killsPlayers=0;
		customScore=0;
		killsTotal=15;
		killed=0;
	};
	class Player10
	{
		name="PV2 D.Kale";
		killsInfantry=0;
		killsSoft=1;
		killsArmor=4;
		killsAir=0;
		killsPlayers=0;
		customScore=0;
		killsTotal=14;
		killed=0;
	};
	class Player11
	{
		name="SPC N.McEnheimer";
		killsInfantry=11;
		killsSoft=0;
		killsArmor=-1;
		killsAir=1;
		killsPlayers=0;
		customScore=0;
		killsTotal=13;
		killed=1;
	};
	class Player12
	{
		name="PFC L.Holmsen";
		killsInfantry=12;
		killsSoft=0;
		killsArmor=0;
		killsAir=0;
		killsPlayers=0;
		customScore=0;
		killsTotal=12;
		killed=0;
	};
	class Player13
	{
		name="SPC M.Allen";
		killsInfantry=8;
		killsSoft=0;
		killsArmor=1;
		killsAir=0;
		killsPlayers=0;
		customScore=0;
		killsTotal=11;
		killed=0;
	};
	class Player14
	{
		name="SPC A.Sapp";
		killsInfantry=8;
		killsSoft=0;
		killsArmor=0;
		killsAir=0;
		killsPlayers=0;
		customScore=0;
		killsTotal=8;
		killed=0;
	};
	class Player15
	{
		name="SPC J. Koe";
		killsInfantry=5;
		killsSoft=0;
		killsArmor=1;
		killsAir=0;
		killsPlayers=0;
		customScore=0;
		killsTotal=8;
		killed=0;
	};
	class Player16
	{
		name="PV2 T.Mansour";
		killsInfantry=0;
		killsSoft=0;
		killsArmor=2;
		killsAir=0;
		killsPlayers=0;
		customScore=0;
		killsTotal=6;
		killed=0;
	};
	class Player17
	{
		name="SPC D.Hughson";
		killsInfantry=0;
		killsSoft=0;
		killsArmor=2;
		killsAir=0;
		killsPlayers=0;
		customScore=0;
		killsTotal=6;
		killed=0;
	};
	class Player18
	{
		name="CPL A.Bills";
		killsInfantry=0;
		killsSoft=1;
		killsArmor=1;
		killsAir=0;
		killsPlayers=0;
		customScore=0;
		killsTotal=5;
		killed=0;
	};
	class Player19
	{
		name="WO1 J.White";
		killsInfantry=4;
		killsSoft=0;
		killsArmor=0;
		killsAir=0;
		killsPlayers=0;
		customScore=0;
		killsTotal=4;
		killed=0;
	};
	class Player20
	{
		name="SGT G.York";
		killsInfantry=2;
		killsSoft=0;
		killsArmor=-3;
		killsAir=2;
		killsPlayers=0;
		customScore=0;
		killsTotal=3;
		killed=0;
	};
	class Player21
	{
		name="SPC T.Hunter";
		killsInfantry=0;
		killsSoft=0;
		killsArmor=1;
		killsAir=0;
		killsPlayers=0;
		customScore=0;
		killsTotal=3;
		killed=0;
	};
	class Player22
	{
		name="CW2 J.Tracey";
		killsInfantry=0;
		killsSoft=0;
		killsArmor=0;
		killsAir=0;
		killsPlayers=0;
		customScore=0;
		killsTotal=0;
		killed=0;
	};
	class Player23
	{
		name="OCS D.Lotus";
		killsInfantry=0;
		killsSoft=0;
		killsArmor=0;
		killsAir=0;
		killsPlayers=0;
		customScore=0;
		killsTotal=0;
		killed=0;
	};
	class Player24
	{
		name="PFC J.White";
		killsInfantry=0;
		killsSoft=0;
		killsArmor=0;
		killsAir=0;
		killsPlayers=0;
		customScore=0;
		killsTotal=0;
		killed=0;
	};
	class Player25
	{
		name="PFC N.Mcintosh";
		killsInfantry=0;
		killsSoft=0;
		killsArmor=0;
		killsAir=0;
		killsPlayers=0;
		customScore=0;
		killsTotal=0;
		killed=0;
	};
	class Player26
	{
		name="Selt";
		killsInfantry=0;
		killsSoft=0;
		killsArmor=0;
		killsAir=0;
		killsPlayers=0;
		customScore=0;
		killsTotal=0;
		killed=0;
	};
	class Player27
	{
		name="SPC B.Bishop";
		killsInfantry=0;
		killsSoft=0;
		killsArmor=0;
		killsAir=0;
		killsPlayers=0;
		customScore=0;
		killsTotal=0;
		killed=0;
	};
	class Player28
	{
		name="SPC D.Hayes";
		killsInfantry=0;
		killsSoft=0;
		killsArmor=0;
		killsAir=0;
		killsPlayers=0;
		customScore=0;
		killsTotal=0;
		killed=0;
	};
	class Player29
	{
		name="SPC J.Nicholas";
		killsInfantry=0;
		killsSoft=0;
		killsArmor=0;
		killsAir=0;
		killsPlayers=0;
		customScore=0;
		killsTotal=0;
		killed=0;
	};
	class Player30
	{
		name="SPC S.Kidon";
		killsInfantry=0;
		killsSoft=0;
		killsArmor=0;
		killsAir=0;
		killsPlayers=0;
		customScore=0;
		killsTotal=0;
		killed=0;
	};
	class Player31
	{
		name="SSG R.Ivanov";
		killsInfantry=0;
		killsSoft=0;
		killsArmor=0;
		killsAir=0;
		killsPlayers=0;
		customScore=0;
		killsTotal=0;
		killed=0;
	};
	class Player32
	{
		name="WOC D.Martin";
		killsInfantry=0;
		killsSoft=0;
		killsArmor=0;
		killsAir=0;
		killsPlayers=0;
		customScore=0;
		killsTotal=0;
		killed=0;
	};
	class Player33
	{
		name="SGT S.Ohwo";
		killsInfantry=0;
		killsSoft=0;
		killsArmor=-1;
		killsAir=0;
		killsPlayers=0;
		customScore=0;
		killsTotal=-3;
		killed=0;
	};
	class Player34
	{
		name="SGT J.Starling";
		killsInfantry=0;
		killsSoft=0;
		killsArmor=0;
		killsAir=-1;
		killsPlayers=0;
		customScore=0;
		killsTotal=-5;
		killed=0;
	};
};
13:55:36 Waiting for next game.
13:55:36 Mission Zeus_Kunduz_River.kunduz_valley read from bank.
13:55:36 Player SGT J.Starling disconnected.
13:55:36 All users disconnected, waiting for users.
 8:13:00 Rogers uses modified data file
 8:13:00 Mission Zeus_Kunduz_River.kunduz_valley read from bank.
 8:13:01 Player Rogers connecting.
 8:13:03 Player Rogers connected (id=76561199023506530).
 8:13:25 Roles assigned.
 8:13:25 Reading mission ...
 8:13:26 Mission read.
 8:13:47 Game started.
 8:15:46 Game finished.
class Session
{
	mission="Zeus_Kunduz_River";
	island="kunduz_valley";
	gameType="";
	duration=119.54401;
	class Player1
	{
		name="Rogers";
		killsInfantry=0;
		killsSoft=0;
		killsArmor=0;
		killsAir=0;
		killsPlayers=0;
		customScore=0;
		killsTotal=0;
		killed=0;
	};
};
 8:15:46 Waiting for next game.
 8:15:46 Mission Zeus_Kunduz_River.kunduz_valley read from bank.
 8:15:50 Player Rogers disconnected.
 8:15:50 All users disconnected, waiting for users.
 8:19:47 PVT Gronk uses modified data file
 8:19:47 Mission Zeus_Kunduz_River.kunduz_valley read from bank.
 8:19:49 Player PVT Gronk connecting.
 8:19:50 Player PVT Gronk connected (id=76561199023506530).
 8:20:10 Roles assigned.
 8:20:10 Reading mission ...
 8:20:11 Mission read.
 8:20:47 Game started.
 8:24:18 Game finished.
class Session
{
	mission="Zeus_Kunduz_River";
	island="kunduz_valley";
	gameType="";
	duration=210.45601;
	class Player1
	{
		name="PVT Gronk";
		killsInfantry=0;
		killsSoft=0;
		killsArmor=0;
		killsAir=0;
		killsPlayers=0;
		customScore=0;
		killsTotal=0;
		killed=0;
	};
};
 8:24:18 Waiting for next game.
 8:24:18 Mission Zeus_Kunduz_River.kunduz_valley read from bank.
 8:24:21 Player PVT Gronk disconnected.
 8:24:21 All users disconnected, waiting for users.
 9:33:57 PVT Gronk uses modified data file
 9:33:57 Mission Zeus_Kunduz_River.kunduz_valley read from bank.
 9:33:59 Player PVT Gronk connecting.
 9:34:00 Player PVT Gronk connected (id=76561199023506530).
 9:34:10 Player PVT Gronk disconnected.
 9:34:10 All users disconnected, waiting for users.
 9:42:24 Selt uses modified data file
 9:42:24 Mission Zeus_Kunduz_River.kunduz_valley read from bank.
 9:42:26 Player Selt connecting.
 9:42:27 Player Selt connected (id=76561199261636966).
 9:42:28 CW2 D.Frost uses modified data file
 9:42:28 Player CW2 D.Frost connecting.
 9:42:30 Player CW2 D.Frost connected (id=76561198064885512).
 9:42:42 Player Selt disconnected.
 9:42:43 Player CW2 D.Frost disconnected.
 9:42:43 All users disconnected, waiting for users.
 9:50:21 SPC B.Bishop uses modified data file
 9:50:21 Mission Zeus_Kunduz_River.kunduz_valley read from bank.
 9:50:23 Player SPC B.Bishop connecting.
 9:50:25 Player SPC B.Bishop connected (id=76561198076022373).
 9:50:36 Player SPC B.Bishop disconnected.
 9:50:36 All users disconnected, waiting for users.
10:00:22 PV2 T.Mansour uses modified data file
10:00:22 Mission Zeus_Kunduz_River.kunduz_valley read from bank.
10:00:24 Player PV2 T.Mansour connecting.
10:00:26 Player PV2 T.Mansour connected (id=76561199261636966).
10:00:48 Roles assigned.
10:00:48 Reading mission ...
10:00:51 Mission read.
10:01:16 Game started.
10:01:47 Game finished.
class Session
{
	mission="Zeus_Kunduz_River";
	island="kunduz_valley";
	gameType="";
	duration=30.573002;
	class Player1
	{
		name="PV2 T.Mansour";
		killsInfantry=0;
		killsSoft=0;
		killsArmor=0;
		killsAir=0;
		killsPlayers=0;
		customScore=0;
		killsTotal=0;
		killed=0;
	};
};
10:01:47 Waiting for next game.
10:01:47 Mission Zeus_Kunduz_River.kunduz_valley read from bank.
10:01:49 Player PV2 T.Mansour disconnected.
10:01:49 All users disconnected, waiting for users.
