17:46:28 Game Port: 2312, Steam Query Port: 2313
17:46:28 Host identity created.
17:47:08 SSG G.Nagy uses modified data file
17:47:08 Mission Operation Egyptian Collapse - Operation Troy read from bank.
17:47:10 Player SSG G.Nagy connecting.
17:47:11 Player SSG G.Nagy connected (id=76561198042596091).
17:47:30 Roles assigned.
17:47:30 Reading mission ...
17:47:37 Mission read.
17:48:10 Game started.
17:50:53 Wrong admin password entered by player: SSG G.Nagy, playerUID: 76561198042596091, IP: 192.168.1.51:2314.
17:51:07 Admin logged in, player: SSG G.Nagy, playerUID: 76561198042596091, IP: 192.168.1.51:2314.
17:52:58 Game finished.
class Session
{
	mission="Operation Egyptian Collapse - Operation Troy";
	island="kunduz_valley";
	gameType="Coop";
	duration=287.72601;
	class Player1
	{
		name="SSG G.Nagy";
		killsInfantry=0;
		killsSoft=0;
		killsArmor=0;
		killsAir=0;
		killsPlayers=0;
		customScore=0;
		killsTotal=0;
		killed=0;
	};
};
17:52:58 Waiting for next game.
17:52:58 Mission Operation Egyptian Collapse - Operation Troy read from bank.
17:53:06 Player SSG G.Nagy disconnected.
17:53:06 Admin logged out, player: SSG G.Nagy, playerUID: 76561198042596091, IP: 192.168.1.51:2314.
17:53:06 All users disconnected, waiting for users.
