17:24:50 Game Port: 2312, Steam Query Port: 2313
17:24:50 Host identity created.
17:26:05 SSG G.Nagy uses modified data file
17:26:05 Can't find a mission collection / mission with template name: 'Operation_Sparta.kunduz_valley', skipping to next mission.
17:26:06 Player SSG G.Nagy connecting.
17:26:07 Player SSG G.Nagy connected (id=76561198042596091).
17:26:50 Admin logged in, player: SSG G.Nagy, playerUID: 76561198042596091, IP: 192.168.1.51:2304.
17:27:00 Mission Zeus_Kunduz_River.kunduz_valley read from bank.
17:27:09 Roles assigned.
17:27:09 Reading mission ...
17:27:12 Mission read.
17:27:25 PV2 D.Kale uses modified data file
17:27:25 Player PV2 D.Kale connecting.
17:27:27 Player PV2 D.Kale connected (id=76561198303754515).
17:27:33 Files D:\SteamLibrary\steamapps\common\Arma 3\!Workshop\@3rd Infantry Division Mod\addons\third_flags.pbo are not signed by a key accepted by this server. To play on this server, remove listed files or install additional accepted keys.
17:27:34 Player PV2 D.Kale disconnected.
17:27:39 Game started.
17:30:22 PV2 D.Kale uses modified data file
17:30:22 Player PV2 D.Kale connecting.
17:30:23 Player PV2 D.Kale connected (id=76561198303754515).
17:30:29 Files D:\SteamLibrary\steamapps\common\Arma 3\!Workshop\@3rd Infantry Division Mod\addons\third_flags.pbo are not signed by a key accepted by this server. To play on this server, remove listed files or install additional accepted keys.
17:30:29 Player PV2 D.Kale disconnected.
17:30:53 Game finished.
class Session
{
	mission="Zeus_Kunduz_River";
	island="kunduz_valley";
	gameType="";
	duration=193.77602;
	class Player1
	{
		name="SSG G.Nagy";
		killsInfantry=0;
		killsSoft=0;
		killsArmor=0;
		killsAir=0;
		killsPlayers=0;
		customScore=0;
		killsTotal=0;
		killed=0;
	};
};
17:30:53 Waiting for next game.
17:31:20 Player SSG G.Nagy disconnected.
17:31:20 Admin logged out, player: SSG G.Nagy, playerUID: 76561198042596091, IP: 192.168.1.51:2304.
