20:26:12 Game Port: 2312, Steam Query Port: 2313
20:26:12 Host identity created.
20:27:32 SSG G.Nagy uses modified data file
20:27:32 Mission Ft_Benning_Chernarus_OSUT_v1.chernarus_summer read from bank.
20:27:34 Player SSG G.Nagy connecting.
20:27:36 Player SSG G.Nagy connected (id=76561198042596091).
20:27:36 Roles assigned.
20:27:36 Reading mission ...
20:27:36 mpmissions\__cur_mp.chernarus_summer\mission.sqm/Mission/Entities/Item0/Entities/Item0.type: Vehicle class rhsusf_army_ocp_rifleman no longer exists
20:27:36 Mission Ft_Benning_Chernarus_OSUT_v1.chernarus_summer read from bank.
20:27:37 Roles assigned.
20:27:37 Reading mission ...
20:27:37 mpmissions\__cur_mp.chernarus_summer\mission.sqm/Mission/Entities/Item0/Entities/Item0.type: Vehicle class rhsusf_army_ocp_rifleman no longer exists
20:27:37 Mission Ft_Benning_Chernarus_OSUT_v1.chernarus_summer read from bank.
20:27:37 Roles assigned.
20:27:37 Reading mission ...
20:27:37 mpmissions\__cur_mp.chernarus_summer\mission.sqm/Mission/Entities/Item0/Entities/Item0.type: Vehicle class rhsusf_army_ocp_rifleman no longer exists
20:27:37 Mission Ft_Benning_Chernarus_OSUT_v1.chernarus_summer read from bank.
20:27:38 Roles assigned.
20:27:38 Reading mission ...
20:27:38 mpmissions\__cur_mp.chernarus_summer\mission.sqm/Mission/Entities/Item0/Entities/Item0.type: Vehicle class rhsusf_army_ocp_rifleman no longer exists
20:27:38 Mission Ft_Benning_Chernarus_OSUT_v1.chernarus_summer read from bank.
20:27:38 Roles assigned.
20:27:38 Reading mission ...
20:27:38 mpmissions\__cur_mp.chernarus_summer\mission.sqm/Mission/Entities/Item0/Entities/Item0.type: Vehicle class rhsusf_army_ocp_rifleman no longer exists
20:27:38 Mission Ft_Benning_Chernarus_OSUT_v1.chernarus_summer read from bank.
20:27:39 Roles assigned.
20:27:39 Reading mission ...
20:27:39 mpmissions\__cur_mp.chernarus_summer\mission.sqm/Mission/Entities/Item0/Entities/Item0.type: Vehicle class rhsusf_army_ocp_rifleman no longer exists
20:27:39 Mission Ft_Benning_Chernarus_OSUT_v1.chernarus_summer read from bank.
20:27:39 Roles assigned.
20:27:39 Reading mission ...
20:27:39 mpmissions\__cur_mp.chernarus_summer\mission.sqm/Mission/Entities/Item0/Entities/Item0.type: Vehicle class rhsusf_army_ocp_rifleman no longer exists
20:27:39 Mission Ft_Benning_Chernarus_OSUT_v1.chernarus_summer read from bank.
20:27:40 Roles assigned.
20:27:40 Reading mission ...
20:27:40 mpmissions\__cur_mp.chernarus_summer\mission.sqm/Mission/Entities/Item0/Entities/Item0.type: Vehicle class rhsusf_army_ocp_rifleman no longer exists
20:27:40 Mission Ft_Benning_Chernarus_OSUT_v1.chernarus_summer read from bank.
20:27:41 Roles assigned.
20:27:41 Reading mission ...
20:27:41 mpmissions\__cur_mp.chernarus_summer\mission.sqm/Mission/Entities/Item0/Entities/Item0.type: Vehicle class rhsusf_army_ocp_rifleman no longer exists
20:27:41 Mission Ft_Benning_Chernarus_OSUT_v1.chernarus_summer read from bank.
20:27:41 Roles assigned.
20:27:41 Reading mission ...
20:27:41 mpmissions\__cur_mp.chernarus_summer\mission.sqm/Mission/Entities/Item0/Entities/Item0.type: Vehicle class rhsusf_army_ocp_rifleman no longer exists
20:27:41 Mission Ft_Benning_Chernarus_OSUT_v1.chernarus_summer read from bank.
20:27:42 Roles assigned.
20:27:42 Reading mission ...
20:27:42 mpmissions\__cur_mp.chernarus_summer\mission.sqm/Mission/Entities/Item0/Entities/Item0.type: Vehicle class rhsusf_army_ocp_rifleman no longer exists
20:27:42 Mission Ft_Benning_Chernarus_OSUT_v1.chernarus_summer read from bank.
20:27:42 Roles assigned.
20:27:42 Reading mission ...
20:27:42 mpmissions\__cur_mp.chernarus_summer\mission.sqm/Mission/Entities/Item0/Entities/Item0.type: Vehicle class rhsusf_army_ocp_rifleman no longer exists
20:27:42 Mission Ft_Benning_Chernarus_OSUT_v1.chernarus_summer read from bank.
20:27:43 Roles assigned.
20:27:43 Reading mission ...
20:27:43 mpmissions\__cur_mp.chernarus_summer\mission.sqm/Mission/Entities/Item0/Entities/Item0.type: Vehicle class rhsusf_army_ocp_rifleman no longer exists
20:27:43 Mission Ft_Benning_Chernarus_OSUT_v1.chernarus_summer read from bank.
20:27:43 Roles assigned.
20:27:43 Reading mission ...
20:27:43 mpmissions\__cur_mp.chernarus_summer\mission.sqm/Mission/Entities/Item0/Entities/Item0.type: Vehicle class rhsusf_army_ocp_rifleman no longer exists
20:27:43 Mission Ft_Benning_Chernarus_OSUT_v1.chernarus_summer read from bank.
20:27:44 Roles assigned.
20:27:44 Reading mission ...
20:27:44 mpmissions\__cur_mp.chernarus_summer\mission.sqm/Mission/Entities/Item0/Entities/Item0.type: Vehicle class rhsusf_army_ocp_rifleman no longer exists
20:27:44 Mission Ft_Benning_Chernarus_OSUT_v1.chernarus_summer read from bank.
20:27:44 Roles assigned.
20:27:44 Reading mission ...
20:27:44 mpmissions\__cur_mp.chernarus_summer\mission.sqm/Mission/Entities/Item0/Entities/Item0.type: Vehicle class rhsusf_army_ocp_rifleman no longer exists
20:27:44 Mission Ft_Benning_Chernarus_OSUT_v1.chernarus_summer read from bank.
20:27:46 Roles assigned.
20:27:46 Reading mission ...
20:27:46 mpmissions\__cur_mp.chernarus_summer\mission.sqm/Mission/Entities/Item0/Entities/Item0.type: Vehicle class rhsusf_army_ocp_rifleman no longer exists
20:27:46 Mission Ft_Benning_Chernarus_OSUT_v1.chernarus_summer read from bank.
20:27:46 Roles assigned.
20:27:46 Reading mission ...
20:27:46 mpmissions\__cur_mp.chernarus_summer\mission.sqm/Mission/Entities/Item0/Entities/Item0.type: Vehicle class rhsusf_army_ocp_rifleman no longer exists
20:27:46 Mission Ft_Benning_Chernarus_OSUT_v1.chernarus_summer read from bank.
20:27:47 Roles assigned.
20:27:47 Reading mission ...
20:27:47 mpmissions\__cur_mp.chernarus_summer\mission.sqm/Mission/Entities/Item0/Entities/Item0.type: Vehicle class rhsusf_army_ocp_rifleman no longer exists
20:27:47 Mission Ft_Benning_Chernarus_OSUT_v1.chernarus_summer read from bank.
20:27:47 Roles assigned.
20:27:47 Reading mission ...
20:27:47 mpmissions\__cur_mp.chernarus_summer\mission.sqm/Mission/Entities/Item0/Entities/Item0.type: Vehicle class rhsusf_army_ocp_rifleman no longer exists
20:27:47 Mission Ft_Benning_Chernarus_OSUT_v1.chernarus_summer read from bank.
20:27:48 Roles assigned.
20:27:48 Reading mission ...
20:27:48 mpmissions\__cur_mp.chernarus_summer\mission.sqm/Mission/Entities/Item0/Entities/Item0.type: Vehicle class rhsusf_army_ocp_rifleman no longer exists
20:27:48 Mission Ft_Benning_Chernarus_OSUT_v1.chernarus_summer read from bank.
20:27:48 Roles assigned.
20:27:48 Reading mission ...
20:27:48 mpmissions\__cur_mp.chernarus_summer\mission.sqm/Mission/Entities/Item0/Entities/Item0.type: Vehicle class rhsusf_army_ocp_rifleman no longer exists
20:27:48 Mission Ft_Benning_Chernarus_OSUT_v1.chernarus_summer read from bank.
20:27:49 Roles assigned.
20:27:49 Reading mission ...
20:27:49 mpmissions\__cur_mp.chernarus_summer\mission.sqm/Mission/Entities/Item0/Entities/Item0.type: Vehicle class rhsusf_army_ocp_rifleman no longer exists
20:27:49 Mission Ft_Benning_Chernarus_OSUT_v1.chernarus_summer read from bank.
20:27:50 Roles assigned.
20:27:50 Reading mission ...
20:27:50 mpmissions\__cur_mp.chernarus_summer\mission.sqm/Mission/Entities/Item0/Entities/Item0.type: Vehicle class rhsusf_army_ocp_rifleman no longer exists
20:27:50 Mission Ft_Benning_Chernarus_OSUT_v1.chernarus_summer read from bank.
20:27:50 Roles assigned.
20:27:50 Reading mission ...
20:27:50 mpmissions\__cur_mp.chernarus_summer\mission.sqm/Mission/Entities/Item0/Entities/Item0.type: Vehicle class rhsusf_army_ocp_rifleman no longer exists
20:27:50 Mission Ft_Benning_Chernarus_OSUT_v1.chernarus_summer read from bank.
20:27:51 Roles assigned.
20:27:51 Reading mission ...
20:27:51 mpmissions\__cur_mp.chernarus_summer\mission.sqm/Mission/Entities/Item0/Entities/Item0.type: Vehicle class rhsusf_army_ocp_rifleman no longer exists
20:27:51 Mission Ft_Benning_Chernarus_OSUT_v1.chernarus_summer read from bank.
20:27:51 Roles assigned.
20:27:51 Reading mission ...
20:27:51 mpmissions\__cur_mp.chernarus_summer\mission.sqm/Mission/Entities/Item0/Entities/Item0.type: Vehicle class rhsusf_army_ocp_rifleman no longer exists
20:27:51 Mission Ft_Benning_Chernarus_OSUT_v1.chernarus_summer read from bank.
20:27:52 Roles assigned.
20:27:52 Reading mission ...
20:27:52 mpmissions\__cur_mp.chernarus_summer\mission.sqm/Mission/Entities/Item0/Entities/Item0.type: Vehicle class rhsusf_army_ocp_rifleman no longer exists
20:27:52 Mission Ft_Benning_Chernarus_OSUT_v1.chernarus_summer read from bank.
20:27:52 Roles assigned.
20:27:52 Reading mission ...
20:27:52 mpmissions\__cur_mp.chernarus_summer\mission.sqm/Mission/Entities/Item0/Entities/Item0.type: Vehicle class rhsusf_army_ocp_rifleman no longer exists
20:27:52 Mission Ft_Benning_Chernarus_OSUT_v1.chernarus_summer read from bank.
20:27:53 Roles assigned.
20:27:53 Reading mission ...
20:27:53 mpmissions\__cur_mp.chernarus_summer\mission.sqm/Mission/Entities/Item0/Entities/Item0.type: Vehicle class rhsusf_army_ocp_rifleman no longer exists
20:27:53 Mission Ft_Benning_Chernarus_OSUT_v1.chernarus_summer read from bank.
20:27:53 Roles assigned.
20:27:53 Reading mission ...
20:27:53 mpmissions\__cur_mp.chernarus_summer\mission.sqm/Mission/Entities/Item0/Entities/Item0.type: Vehicle class rhsusf_army_ocp_rifleman no longer exists
20:27:53 Mission Ft_Benning_Chernarus_OSUT_v1.chernarus_summer read from bank.
20:27:54 Roles assigned.
20:27:54 Reading mission ...
20:27:54 mpmissions\__cur_mp.chernarus_summer\mission.sqm/Mission/Entities/Item0/Entities/Item0.type: Vehicle class rhsusf_army_ocp_rifleman no longer exists
20:27:54 Mission Ft_Benning_Chernarus_OSUT_v1.chernarus_summer read from bank.
20:27:55 Roles assigned.
20:27:55 Reading mission ...
20:27:55 mpmissions\__cur_mp.chernarus_summer\mission.sqm/Mission/Entities/Item0/Entities/Item0.type: Vehicle class rhsusf_army_ocp_rifleman no longer exists
20:27:55 Mission Ft_Benning_Chernarus_OSUT_v1.chernarus_summer read from bank.
20:27:55 Roles assigned.
20:27:55 Reading mission ...
20:27:55 mpmissions\__cur_mp.chernarus_summer\mission.sqm/Mission/Entities/Item0/Entities/Item0.type: Vehicle class rhsusf_army_ocp_rifleman no longer exists
20:27:55 Mission Ft_Benning_Chernarus_OSUT_v1.chernarus_summer read from bank.
20:27:56 Roles assigned.
20:27:56 Reading mission ...
20:27:56 mpmissions\__cur_mp.chernarus_summer\mission.sqm/Mission/Entities/Item0/Entities/Item0.type: Vehicle class rhsusf_army_ocp_rifleman no longer exists
20:27:56 Mission Ft_Benning_Chernarus_OSUT_v1.chernarus_summer read from bank.
20:27:56 Roles assigned.
20:27:56 Reading mission ...
20:27:56 mpmissions\__cur_mp.chernarus_summer\mission.sqm/Mission/Entities/Item0/Entities/Item0.type: Vehicle class rhsusf_army_ocp_rifleman no longer exists
20:27:56 Mission Ft_Benning_Chernarus_OSUT_v1.chernarus_summer read from bank.
20:27:57 Roles assigned.
20:27:57 Reading mission ...
20:27:57 mpmissions\__cur_mp.chernarus_summer\mission.sqm/Mission/Entities/Item0/Entities/Item0.type: Vehicle class rhsusf_army_ocp_rifleman no longer exists
20:27:57 Mission Ft_Benning_Chernarus_OSUT_v1.chernarus_summer read from bank.
20:27:57 Roles assigned.
20:27:58 Reading mission ...
20:27:58 mpmissions\__cur_mp.chernarus_summer\mission.sqm/Mission/Entities/Item0/Entities/Item0.type: Vehicle class rhsusf_army_ocp_rifleman no longer exists
20:27:58 Mission Ft_Benning_Chernarus_OSUT_v1.chernarus_summer read from bank.
20:27:58 Roles assigned.
20:27:58 Reading mission ...
20:27:58 mpmissions\__cur_mp.chernarus_summer\mission.sqm/Mission/Entities/Item0/Entities/Item0.type: Vehicle class rhsusf_army_ocp_rifleman no longer exists
20:27:58 Mission Ft_Benning_Chernarus_OSUT_v1.chernarus_summer read from bank.
20:27:59 Roles assigned.
20:27:59 Reading mission ...
20:27:59 mpmissions\__cur_mp.chernarus_summer\mission.sqm/Mission/Entities/Item0/Entities/Item0.type: Vehicle class rhsusf_army_ocp_rifleman no longer exists
20:27:59 Mission Ft_Benning_Chernarus_OSUT_v1.chernarus_summer read from bank.
20:27:59 Roles assigned.
20:28:00 Reading mission ...
20:28:00 mpmissions\__cur_mp.chernarus_summer\mission.sqm/Mission/Entities/Item0/Entities/Item0.type: Vehicle class rhsusf_army_ocp_rifleman no longer exists
20:28:00 Mission Ft_Benning_Chernarus_OSUT_v1.chernarus_summer read from bank.
20:28:00 Roles assigned.
20:28:00 Reading mission ...
20:28:00 mpmissions\__cur_mp.chernarus_summer\mission.sqm/Mission/Entities/Item0/Entities/Item0.type: Vehicle class rhsusf_army_ocp_rifleman no longer exists
20:28:00 Mission Ft_Benning_Chernarus_OSUT_v1.chernarus_summer read from bank.
20:28:00 Player SSG G.Nagy disconnected.
20:28:00 All users disconnected, waiting for users.
