20:31:21 Game Port: 2312, Steam Query Port: 2313
20:31:21 Host identity created.
20:32:38 SSG G.Nagy uses modified data file
20:32:38 Mission Zeus_Chernarus_TF.chernarus_summer read from bank.
20:32:39 Player SSG G.Nagy connecting.
20:32:41 Player SSG G.Nagy connected (id=76561198042596091).
20:32:41 Roles assigned.
20:32:41 Reading mission ...
20:32:41 No entry 'bin\config.bin/CfgMarkers.Third_Marker_3rdID'
20:32:41 Mission Zeus_Chernarus_TF.chernarus_summer read from bank.
20:32:42 Roles assigned.
20:32:42 Reading mission ...
20:32:42 No entry 'bin\config.bin/CfgMarkers.Third_Marker_3rdID'
20:32:42 Mission Zeus_Chernarus_TF.chernarus_summer read from bank.
20:32:42 Roles assigned.
20:32:42 Reading mission ...
20:32:42 No entry 'bin\config.bin/CfgMarkers.Third_Marker_3rdID'
20:32:42 Mission Zeus_Chernarus_TF.chernarus_summer read from bank.
20:32:42 Roles assigned.
20:32:42 Reading mission ...
20:32:42 No entry 'bin\config.bin/CfgMarkers.Third_Marker_3rdID'
20:32:42 Mission Zeus_Chernarus_TF.chernarus_summer read from bank.
20:32:42 Roles assigned.
20:32:42 Reading mission ...
20:32:42 No entry 'bin\config.bin/CfgMarkers.Third_Marker_3rdID'
20:32:42 Mission Zeus_Chernarus_TF.chernarus_summer read from bank.
20:32:42 Roles assigned.
20:32:43 Reading mission ...
20:32:43 No entry 'bin\config.bin/CfgMarkers.Third_Marker_3rdID'
20:32:43 Mission Zeus_Chernarus_TF.chernarus_summer read from bank.
20:32:43 Roles assigned.
20:32:43 Reading mission ...
20:32:43 No entry 'bin\config.bin/CfgMarkers.Third_Marker_3rdID'
20:32:43 Mission Zeus_Chernarus_TF.chernarus_summer read from bank.
20:32:43 Roles assigned.
20:32:43 Reading mission ...
20:32:43 No entry 'bin\config.bin/CfgMarkers.Third_Marker_3rdID'
20:32:43 Mission Zeus_Chernarus_TF.chernarus_summer read from bank.
20:32:43 Roles assigned.
20:32:43 Reading mission ...
20:32:43 No entry 'bin\config.bin/CfgMarkers.Third_Marker_3rdID'
20:32:43 Mission Zeus_Chernarus_TF.chernarus_summer read from bank.
20:32:44 Roles assigned.
20:32:44 Reading mission ...
20:32:44 No entry 'bin\config.bin/CfgMarkers.Third_Marker_3rdID'
20:32:44 Mission Zeus_Chernarus_TF.chernarus_summer read from bank.
20:32:44 Roles assigned.
20:32:44 Reading mission ...
20:32:44 No entry 'bin\config.bin/CfgMarkers.Third_Marker_3rdID'
20:32:44 Mission Zeus_Chernarus_TF.chernarus_summer read from bank.
20:32:44 Roles assigned.
20:32:44 Reading mission ...
20:32:44 No entry 'bin\config.bin/CfgMarkers.Third_Marker_3rdID'
20:32:44 Mission Zeus_Chernarus_TF.chernarus_summer read from bank.
20:32:44 Roles assigned.
20:32:44 Reading mission ...
20:32:44 No entry 'bin\config.bin/CfgMarkers.Third_Marker_3rdID'
20:32:44 Mission Zeus_Chernarus_TF.chernarus_summer read from bank.
20:32:45 Roles assigned.
20:32:45 Reading mission ...
20:32:45 No entry 'bin\config.bin/CfgMarkers.Third_Marker_3rdID'
20:32:45 Mission Zeus_Chernarus_TF.chernarus_summer read from bank.
20:32:45 Roles assigned.
20:32:45 Reading mission ...
20:32:45 No entry 'bin\config.bin/CfgMarkers.Third_Marker_3rdID'
20:32:45 Mission Zeus_Chernarus_TF.chernarus_summer read from bank.
20:32:45 Roles assigned.
20:32:45 Reading mission ...
20:32:45 No entry 'bin\config.bin/CfgMarkers.Third_Marker_3rdID'
20:32:45 Mission Zeus_Chernarus_TF.chernarus_summer read from bank.
20:32:46 Roles assigned.
20:32:46 Reading mission ...
20:32:46 No entry 'bin\config.bin/CfgMarkers.Third_Marker_3rdID'
20:32:46 Mission Zeus_Chernarus_TF.chernarus_summer read from bank.
20:32:46 Roles assigned.
20:32:46 Reading mission ...
20:32:46 No entry 'bin\config.bin/CfgMarkers.Third_Marker_3rdID'
20:32:46 Mission Zeus_Chernarus_TF.chernarus_summer read from bank.
20:32:46 Roles assigned.
20:32:46 Reading mission ...
20:32:46 No entry 'bin\config.bin/CfgMarkers.Third_Marker_3rdID'
20:32:46 Mission Zeus_Chernarus_TF.chernarus_summer read from bank.
20:32:46 Roles assigned.
20:32:46 Reading mission ...
20:32:46 No entry 'bin\config.bin/CfgMarkers.Third_Marker_3rdID'
20:32:46 Mission Zeus_Chernarus_TF.chernarus_summer read from bank.
20:32:47 Roles assigned.
20:32:47 Reading mission ...
20:32:47 No entry 'bin\config.bin/CfgMarkers.Third_Marker_3rdID'
20:32:47 Mission Zeus_Chernarus_TF.chernarus_summer read from bank.
20:32:47 Roles assigned.
20:32:47 Reading mission ...
20:32:47 No entry 'bin\config.bin/CfgMarkers.Third_Marker_3rdID'
20:32:47 Mission Zeus_Chernarus_TF.chernarus_summer read from bank.
20:32:47 Roles assigned.
20:32:47 Reading mission ...
20:32:47 No entry 'bin\config.bin/CfgMarkers.Third_Marker_3rdID'
20:32:47 Mission Zeus_Chernarus_TF.chernarus_summer read from bank.
20:32:48 Roles assigned.
20:32:48 Reading mission ...
20:32:48 No entry 'bin\config.bin/CfgMarkers.Third_Marker_3rdID'
20:32:48 Mission Zeus_Chernarus_TF.chernarus_summer read from bank.
20:32:48 Roles assigned.
20:32:48 Reading mission ...
20:32:48 No entry 'bin\config.bin/CfgMarkers.Third_Marker_3rdID'
20:32:48 Mission Zeus_Chernarus_TF.chernarus_summer read from bank.
20:32:48 Roles assigned.
20:32:48 Reading mission ...
20:32:48 No entry 'bin\config.bin/CfgMarkers.Third_Marker_3rdID'
20:32:48 Mission Zeus_Chernarus_TF.chernarus_summer read from bank.
20:32:48 Roles assigned.
20:32:48 Reading mission ...
20:32:48 No entry 'bin\config.bin/CfgMarkers.Third_Marker_3rdID'
20:32:48 Mission Zeus_Chernarus_TF.chernarus_summer read from bank.
20:32:49 Roles assigned.
20:32:49 Reading mission ...
20:32:49 No entry 'bin\config.bin/CfgMarkers.Third_Marker_3rdID'
20:32:49 Mission Zeus_Chernarus_TF.chernarus_summer read from bank.
20:32:49 Roles assigned.
20:32:49 Reading mission ...
20:32:49 No entry 'bin\config.bin/CfgMarkers.Third_Marker_3rdID'
20:32:49 Mission Zeus_Chernarus_TF.chernarus_summer read from bank.
20:32:49 Roles assigned.
20:32:49 Reading mission ...
20:32:49 No entry 'bin\config.bin/CfgMarkers.Third_Marker_3rdID'
20:32:49 Mission Zeus_Chernarus_TF.chernarus_summer read from bank.
20:32:49 Roles assigned.
20:32:49 Reading mission ...
20:32:49 No entry 'bin\config.bin/CfgMarkers.Third_Marker_3rdID'
20:32:49 Mission Zeus_Chernarus_TF.chernarus_summer read from bank.
20:32:50 Roles assigned.
20:32:50 Reading mission ...
20:32:50 No entry 'bin\config.bin/CfgMarkers.Third_Marker_3rdID'
20:32:50 Mission Zeus_Chernarus_TF.chernarus_summer read from bank.
20:32:50 Roles assigned.
20:32:50 Reading mission ...
20:32:50 No entry 'bin\config.bin/CfgMarkers.Third_Marker_3rdID'
20:32:50 Mission Zeus_Chernarus_TF.chernarus_summer read from bank.
20:32:50 Roles assigned.
20:32:50 Reading mission ...
20:32:50 No entry 'bin\config.bin/CfgMarkers.Third_Marker_3rdID'
20:32:50 Mission Zeus_Chernarus_TF.chernarus_summer read from bank.
20:32:51 Roles assigned.
20:32:51 Reading mission ...
20:32:51 No entry 'bin\config.bin/CfgMarkers.Third_Marker_3rdID'
20:32:51 Mission Zeus_Chernarus_TF.chernarus_summer read from bank.
20:32:51 Roles assigned.
20:32:51 Reading mission ...
20:32:51 No entry 'bin\config.bin/CfgMarkers.Third_Marker_3rdID'
20:32:51 Mission Zeus_Chernarus_TF.chernarus_summer read from bank.
20:32:51 Roles assigned.
20:32:51 Reading mission ...
20:32:51 No entry 'bin\config.bin/CfgMarkers.Third_Marker_3rdID'
20:32:51 Mission Zeus_Chernarus_TF.chernarus_summer read from bank.
20:32:51 Roles assigned.
20:32:51 Reading mission ...
20:32:51 No entry 'bin\config.bin/CfgMarkers.Third_Marker_3rdID'
20:32:51 Mission Zeus_Chernarus_TF.chernarus_summer read from bank.
20:32:52 Roles assigned.
20:32:52 Reading mission ...
20:32:52 No entry 'bin\config.bin/CfgMarkers.Third_Marker_3rdID'
20:32:52 Mission Zeus_Chernarus_TF.chernarus_summer read from bank.
20:32:52 Roles assigned.
20:32:52 Reading mission ...
20:32:52 No entry 'bin\config.bin/CfgMarkers.Third_Marker_3rdID'
20:32:52 Mission Zeus_Chernarus_TF.chernarus_summer read from bank.
20:32:52 Roles assigned.
20:32:52 Reading mission ...
20:32:52 No entry 'bin\config.bin/CfgMarkers.Third_Marker_3rdID'
20:32:52 Mission Zeus_Chernarus_TF.chernarus_summer read from bank.
20:32:53 Roles assigned.
20:32:53 Reading mission ...
20:32:53 No entry 'bin\config.bin/CfgMarkers.Third_Marker_3rdID'
20:32:53 Mission Zeus_Chernarus_TF.chernarus_summer read from bank.
20:32:53 Roles assigned.
20:32:53 Reading mission ...
20:32:53 No entry 'bin\config.bin/CfgMarkers.Third_Marker_3rdID'
20:32:53 Mission Zeus_Chernarus_TF.chernarus_summer read from bank.
20:32:53 Roles assigned.
20:32:53 Reading mission ...
20:32:53 No entry 'bin\config.bin/CfgMarkers.Third_Marker_3rdID'
20:32:53 Mission Zeus_Chernarus_TF.chernarus_summer read from bank.
20:32:53 Roles assigned.
20:32:53 Reading mission ...
20:32:53 No entry 'bin\config.bin/CfgMarkers.Third_Marker_3rdID'
20:32:53 Mission Zeus_Chernarus_TF.chernarus_summer read from bank.
20:32:54 Roles assigned.
20:32:54 Reading mission ...
20:32:54 No entry 'bin\config.bin/CfgMarkers.Third_Marker_3rdID'
20:32:54 Mission Zeus_Chernarus_TF.chernarus_summer read from bank.
20:32:54 Roles assigned.
20:32:54 Reading mission ...
20:32:54 No entry 'bin\config.bin/CfgMarkers.Third_Marker_3rdID'
20:32:54 Mission Zeus_Chernarus_TF.chernarus_summer read from bank.
20:32:54 Roles assigned.
20:32:54 Reading mission ...
20:32:54 No entry 'bin\config.bin/CfgMarkers.Third_Marker_3rdID'
20:32:54 Mission Zeus_Chernarus_TF.chernarus_summer read from bank.
20:32:55 Roles assigned.
20:32:55 Reading mission ...
20:32:55 No entry 'bin\config.bin/CfgMarkers.Third_Marker_3rdID'
20:32:55 Mission Zeus_Chernarus_TF.chernarus_summer read from bank.
20:32:55 Roles assigned.
20:32:55 Reading mission ...
20:32:55 No entry 'bin\config.bin/CfgMarkers.Third_Marker_3rdID'
20:32:55 Mission Zeus_Chernarus_TF.chernarus_summer read from bank.
20:32:55 Roles assigned.
20:32:55 Reading mission ...
20:32:55 No entry 'bin\config.bin/CfgMarkers.Third_Marker_3rdID'
20:32:55 Mission Zeus_Chernarus_TF.chernarus_summer read from bank.
20:32:55 Roles assigned.
20:32:55 Reading mission ...
20:32:55 No entry 'bin\config.bin/CfgMarkers.Third_Marker_3rdID'
20:32:55 Mission Zeus_Chernarus_TF.chernarus_summer read from bank.
20:32:56 Roles assigned.
20:32:56 Reading mission ...
20:32:56 No entry 'bin\config.bin/CfgMarkers.Third_Marker_3rdID'
20:32:56 Mission Zeus_Chernarus_TF.chernarus_summer read from bank.
20:32:56 Roles assigned.
20:32:56 Reading mission ...
20:32:56 No entry 'bin\config.bin/CfgMarkers.Third_Marker_3rdID'
20:32:56 Mission Zeus_Chernarus_TF.chernarus_summer read from bank.
20:32:56 Roles assigned.
20:32:56 Reading mission ...
20:32:56 No entry 'bin\config.bin/CfgMarkers.Third_Marker_3rdID'
20:32:56 Mission Zeus_Chernarus_TF.chernarus_summer read from bank.
20:32:57 Roles assigned.
20:32:57 Reading mission ...
20:32:57 No entry 'bin\config.bin/CfgMarkers.Third_Marker_3rdID'
20:32:57 Mission Zeus_Chernarus_TF.chernarus_summer read from bank.
20:32:57 Roles assigned.
20:32:57 Reading mission ...
20:32:57 No entry 'bin\config.bin/CfgMarkers.Third_Marker_3rdID'
20:32:57 Mission Zeus_Chernarus_TF.chernarus_summer read from bank.
20:32:57 Roles assigned.
20:32:57 Reading mission ...
20:32:57 No entry 'bin\config.bin/CfgMarkers.Third_Marker_3rdID'
20:32:57 Mission Zeus_Chernarus_TF.chernarus_summer read from bank.
20:32:57 Roles assigned.
20:32:57 Reading mission ...
20:32:57 No entry 'bin\config.bin/CfgMarkers.Third_Marker_3rdID'
20:32:57 Mission Zeus_Chernarus_TF.chernarus_summer read from bank.
20:32:57 Roles assigned.
20:32:57 Reading mission ...
20:32:57 No entry 'bin\config.bin/CfgMarkers.Third_Marker_3rdID'
20:32:57 Mission Zeus_Chernarus_TF.chernarus_summer read from bank.
20:32:57 Roles assigned.
20:32:57 Reading mission ...
20:32:57 No entry 'bin\config.bin/CfgMarkers.Third_Marker_3rdID'
20:32:57 Mission Zeus_Chernarus_TF.chernarus_summer read from bank.
20:32:57 Roles assigned.
20:32:57 Reading mission ...
20:32:57 No entry 'bin\config.bin/CfgMarkers.Third_Marker_3rdID'
20:32:57 Mission Zeus_Chernarus_TF.chernarus_summer read from bank.
20:32:58 Roles assigned.
20:32:58 Reading mission ...
20:32:58 No entry 'bin\config.bin/CfgMarkers.Third_Marker_3rdID'
20:32:58 Mission Zeus_Chernarus_TF.chernarus_summer read from bank.
20:32:58 Roles assigned.
20:32:58 Reading mission ...
20:32:58 No entry 'bin\config.bin/CfgMarkers.Third_Marker_3rdID'
20:32:58 Mission Zeus_Chernarus_TF.chernarus_summer read from bank.
20:32:58 Roles assigned.
20:32:58 Reading mission ...
20:32:58 No entry 'bin\config.bin/CfgMarkers.Third_Marker_3rdID'
20:32:58 Mission Zeus_Chernarus_TF.chernarus_summer read from bank.
20:32:58 Roles assigned.
20:32:58 Reading mission ...
20:32:58 No entry 'bin\config.bin/CfgMarkers.Third_Marker_3rdID'
20:32:58 Mission Zeus_Chernarus_TF.chernarus_summer read from bank.
20:32:58 Roles assigned.
20:32:58 Reading mission ...
20:32:58 No entry 'bin\config.bin/CfgMarkers.Third_Marker_3rdID'
20:32:58 Mission Zeus_Chernarus_TF.chernarus_summer read from bank.
20:32:58 Roles assigned.
20:32:58 Reading mission ...
20:32:58 No entry 'bin\config.bin/CfgMarkers.Third_Marker_3rdID'
20:32:58 Mission Zeus_Chernarus_TF.chernarus_summer read from bank.
20:32:59 Roles assigned.
20:32:59 Reading mission ...
20:32:59 No entry 'bin\config.bin/CfgMarkers.Third_Marker_3rdID'
20:32:59 Mission Zeus_Chernarus_TF.chernarus_summer read from bank.
20:32:59 Roles assigned.
20:32:59 Reading mission ...
20:32:59 No entry 'bin\config.bin/CfgMarkers.Third_Marker_3rdID'
20:32:59 Mission Zeus_Chernarus_TF.chernarus_summer read from bank.
20:32:59 Roles assigned.
20:32:59 Reading mission ...
20:32:59 No entry 'bin\config.bin/CfgMarkers.Third_Marker_3rdID'
20:32:59 Mission Zeus_Chernarus_TF.chernarus_summer read from bank.
20:32:59 Roles assigned.
20:32:59 Reading mission ...
20:32:59 No entry 'bin\config.bin/CfgMarkers.Third_Marker_3rdID'
20:32:59 Mission Zeus_Chernarus_TF.chernarus_summer read from bank.
20:32:59 Roles assigned.
20:32:59 Reading mission ...
20:32:59 No entry 'bin\config.bin/CfgMarkers.Third_Marker_3rdID'
20:32:59 Mission Zeus_Chernarus_TF.chernarus_summer read from bank.
20:32:59 Roles assigned.
20:32:59 Reading mission ...
20:32:59 No entry 'bin\config.bin/CfgMarkers.Third_Marker_3rdID'
20:32:59 Mission Zeus_Chernarus_TF.chernarus_summer read from bank.
20:32:59 Roles assigned.
20:32:59 Reading mission ...
20:32:59 No entry 'bin\config.bin/CfgMarkers.Third_Marker_3rdID'
20:33:00 Mission Zeus_Chernarus_TF.chernarus_summer read from bank.
20:33:00 Roles assigned.
20:33:00 Reading mission ...
20:33:00 No entry 'bin\config.bin/CfgMarkers.Third_Marker_3rdID'
20:33:00 Mission Zeus_Chernarus_TF.chernarus_summer read from bank.
20:33:00 Roles assigned.
20:33:00 Reading mission ...
20:33:00 No entry 'bin\config.bin/CfgMarkers.Third_Marker_3rdID'
20:33:00 Mission Zeus_Chernarus_TF.chernarus_summer read from bank.
20:33:00 Roles assigned.
20:33:00 Reading mission ...
20:33:00 No entry 'bin\config.bin/CfgMarkers.Third_Marker_3rdID'
20:33:00 Mission Zeus_Chernarus_TF.chernarus_summer read from bank.
20:33:00 Roles assigned.
20:33:00 Reading mission ...
20:33:00 No entry 'bin\config.bin/CfgMarkers.Third_Marker_3rdID'
20:33:00 Mission Zeus_Chernarus_TF.chernarus_summer read from bank.
20:33:00 Roles assigned.
20:33:00 Reading mission ...
20:33:00 No entry 'bin\config.bin/CfgMarkers.Third_Marker_3rdID'
20:33:00 Mission Zeus_Chernarus_TF.chernarus_summer read from bank.
20:33:00 Roles assigned.
20:33:00 Reading mission ...
20:33:00 No entry 'bin\config.bin/CfgMarkers.Third_Marker_3rdID'
20:33:00 Mission Zeus_Chernarus_TF.chernarus_summer read from bank.
20:33:00 Roles assigned.
20:33:01 Reading mission ...
20:33:01 No entry 'bin\config.bin/CfgMarkers.Third_Marker_3rdID'
20:33:01 Mission Zeus_Chernarus_TF.chernarus_summer read from bank.
20:33:01 Roles assigned.
20:33:01 Reading mission ...
20:33:01 No entry 'bin\config.bin/CfgMarkers.Third_Marker_3rdID'
20:33:01 Mission Zeus_Chernarus_TF.chernarus_summer read from bank.
20:33:01 Roles assigned.
20:33:01 Reading mission ...
20:33:01 No entry 'bin\config.bin/CfgMarkers.Third_Marker_3rdID'
20:33:01 Mission Zeus_Chernarus_TF.chernarus_summer read from bank.
20:33:01 Roles assigned.
20:33:01 Reading mission ...
20:33:01 No entry 'bin\config.bin/CfgMarkers.Third_Marker_3rdID'
20:33:01 Mission Zeus_Chernarus_TF.chernarus_summer read from bank.
20:33:01 Roles assigned.
20:33:01 Reading mission ...
20:33:01 No entry 'bin\config.bin/CfgMarkers.Third_Marker_3rdID'
20:33:01 Mission Zeus_Chernarus_TF.chernarus_summer read from bank.
20:33:01 Roles assigned.
20:33:01 Reading mission ...
20:33:01 No entry 'bin\config.bin/CfgMarkers.Third_Marker_3rdID'
20:33:01 Mission Zeus_Chernarus_TF.chernarus_summer read from bank.
20:33:01 Roles assigned.
20:33:01 Reading mission ...
20:33:01 No entry 'bin\config.bin/CfgMarkers.Third_Marker_3rdID'
20:33:01 Mission Zeus_Chernarus_TF.chernarus_summer read from bank.
20:33:02 Roles assigned.
20:33:02 Reading mission ...
20:33:02 No entry 'bin\config.bin/CfgMarkers.Third_Marker_3rdID'
20:33:02 Mission Zeus_Chernarus_TF.chernarus_summer read from bank.
20:33:02 Roles assigned.
20:33:02 Reading mission ...
20:33:02 No entry 'bin\config.bin/CfgMarkers.Third_Marker_3rdID'
20:33:02 Mission Zeus_Chernarus_TF.chernarus_summer read from bank.
20:33:02 Roles assigned.
20:33:02 Reading mission ...
20:33:02 No entry 'bin\config.bin/CfgMarkers.Third_Marker_3rdID'
20:33:02 Mission Zeus_Chernarus_TF.chernarus_summer read from bank.
20:33:02 Roles assigned.
20:33:02 Reading mission ...
20:33:02 No entry 'bin\config.bin/CfgMarkers.Third_Marker_3rdID'
20:33:02 Mission Zeus_Chernarus_TF.chernarus_summer read from bank.
20:33:02 Roles assigned.
20:33:02 Reading mission ...
20:33:02 No entry 'bin\config.bin/CfgMarkers.Third_Marker_3rdID'
20:33:02 Mission Zeus_Chernarus_TF.chernarus_summer read from bank.
20:33:02 Roles assigned.
20:33:02 Reading mission ...
20:33:02 No entry 'bin\config.bin/CfgMarkers.Third_Marker_3rdID'
20:33:02 Mission Zeus_Chernarus_TF.chernarus_summer read from bank.
20:33:02 Roles assigned.
20:33:03 Reading mission ...
20:33:03 No entry 'bin\config.bin/CfgMarkers.Third_Marker_3rdID'
20:33:03 Mission Zeus_Chernarus_TF.chernarus_summer read from bank.
20:33:03 Roles assigned.
20:33:03 Reading mission ...
20:33:03 No entry 'bin\config.bin/CfgMarkers.Third_Marker_3rdID'
20:33:03 Mission Zeus_Chernarus_TF.chernarus_summer read from bank.
20:33:03 Roles assigned.
20:33:03 Reading mission ...
20:33:03 No entry 'bin\config.bin/CfgMarkers.Third_Marker_3rdID'
20:33:03 Mission Zeus_Chernarus_TF.chernarus_summer read from bank.
20:33:03 Roles assigned.
20:33:03 Reading mission ...
20:33:03 No entry 'bin\config.bin/CfgMarkers.Third_Marker_3rdID'
20:33:03 Mission Zeus_Chernarus_TF.chernarus_summer read from bank.
20:33:03 Roles assigned.
20:33:03 Reading mission ...
20:33:03 No entry 'bin\config.bin/CfgMarkers.Third_Marker_3rdID'
20:33:03 Mission Zeus_Chernarus_TF.chernarus_summer read from bank.
20:33:03 Roles assigned.
20:33:03 Reading mission ...
20:33:03 No entry 'bin\config.bin/CfgMarkers.Third_Marker_3rdID'
20:33:03 Mission Zeus_Chernarus_TF.chernarus_summer read from bank.
20:33:03 Roles assigned.
20:33:03 Reading mission ...
20:33:03 No entry 'bin\config.bin/CfgMarkers.Third_Marker_3rdID'
20:33:03 Mission Zeus_Chernarus_TF.chernarus_summer read from bank.
20:33:04 Roles assigned.
20:33:04 Reading mission ...
20:33:04 No entry 'bin\config.bin/CfgMarkers.Third_Marker_3rdID'
20:33:04 Mission Zeus_Chernarus_TF.chernarus_summer read from bank.
20:33:04 Roles assigned.
20:33:04 Reading mission ...
20:33:04 No entry 'bin\config.bin/CfgMarkers.Third_Marker_3rdID'
20:33:04 Mission Zeus_Chernarus_TF.chernarus_summer read from bank.
20:33:04 Roles assigned.
20:33:04 Reading mission ...
20:33:04 No entry 'bin\config.bin/CfgMarkers.Third_Marker_3rdID'
20:33:04 Mission Zeus_Chernarus_TF.chernarus_summer read from bank.
20:33:04 Roles assigned.
20:33:04 Reading mission ...
20:33:04 No entry 'bin\config.bin/CfgMarkers.Third_Marker_3rdID'
20:33:04 Mission Zeus_Chernarus_TF.chernarus_summer read from bank.
20:33:04 Roles assigned.
20:33:04 Reading mission ...
20:33:04 No entry 'bin\config.bin/CfgMarkers.Third_Marker_3rdID'
20:33:04 Mission Zeus_Chernarus_TF.chernarus_summer read from bank.
20:33:04 Player SSG G.Nagy disconnected.
20:33:04 All users disconnected, waiting for users.
