17:22:58 Game Port: 2312, Steam Query Port: 2313
17:22:58 Host identity created.
17:23:51 SSG G.Nagy uses modified data file
17:23:51 Mission Operation Egyptian Collapse - Operation Troy read from bank.
17:23:52 Player SSG G.Nagy connecting.
17:23:54 Player SSG G.Nagy connected (id=76561198042596091).
17:24:16 Roles assigned.
17:24:16 Reading mission ...
17:24:23 Mission read.
17:25:06 Game started.
17:25:38 Game finished.
class Session
{
	mission="Operation Egyptian Collapse - Operation Troy";
	island="kunduz_valley";
	gameType="Coop";
	duration=32.901001;
	class Player1
	{
		name="SSG G.Nagy";
		killsInfantry=0;
		killsSoft=0;
		killsArmor=0;
		killsAir=0;
		killsPlayers=0;
		customScore=0;
		killsTotal=0;
		killed=0;
	};
};
17:25:38 Waiting for next game.
17:25:39 Mission Operation Egyptian Collapse - Operation Troy read from bank.
17:25:44 Player SSG G.Nagy disconnected.
17:25:44 All users disconnected, waiting for users.
