10:20:18 Game Port: 2312, Steam Query Port: 2313
10:20:18 Warning: Current Steam AppId:  doesn't match expected value: 107410
10:20:18 Host identity created.
10:24:24 SSG G.Nagy uses modified data file
10:24:24 Mission Operation Egyptian Collapse - Operation Troy read from bank.
10:24:25 Player SSG G.Nagy connecting.
10:24:27 Player SSG G.Nagy connected (id=76561198042596091).
10:24:40 Roles assigned.
10:24:40 Reading mission ...
10:24:48 Mission read.
10:24:59 Game started.
10:26:10 Game finished.
class Session
{
	mission="Operation Egyptian Collapse - Operation Troy";
	island="kunduz_valley";
	gameType="Coop";
	duration=71.315002;
	class Player1
	{
		name="SSG G.Nagy";
		killsInfantry=0;
		killsSoft=0;
		killsArmor=0;
		killsAir=0;
		killsPlayers=0;
		customScore=0;
		killsTotal=0;
		killed=0;
	};
};
