13:57:56 Game Port: 2312, Steam Query Port: 2313
13:57:56 Host identity created.
13:58:41 SGT G.Nagy uses modified data file
13:58:41 Mission Ft_Benning_Chernarus_OSUT_v1.chernarus_summer read from bank.
13:58:42 Player SGT G.Nagy connecting.
13:58:45 Player SGT G.Nagy connected (id=76561198042596091).
13:58:45 Roles assigned.
13:58:45 Reading mission ...
13:58:45 mpmissions\__cur_mp.chernarus_summer\mission.sqm/Mission/Entities/Item0/Entities/Item0.type: Vehicle class rhsusf_army_ocp_rifleman no longer exists
13:58:45 Mission Ft_Benning_Chernarus_OSUT_v1.chernarus_summer read from bank.
13:58:45 Roles assigned.
13:58:45 Reading mission ...
13:58:45 mpmissions\__cur_mp.chernarus_summer\mission.sqm/Mission/Entities/Item0/Entities/Item0.type: Vehicle class rhsusf_army_ocp_rifleman no longer exists
13:58:45 Mission Ft_Benning_Chernarus_OSUT_v1.chernarus_summer read from bank.
13:58:46 Roles assigned.
13:58:46 Reading mission ...
13:58:46 mpmissions\__cur_mp.chernarus_summer\mission.sqm/Mission/Entities/Item0/Entities/Item0.type: Vehicle class rhsusf_army_ocp_rifleman no longer exists
13:58:46 Mission Ft_Benning_Chernarus_OSUT_v1.chernarus_summer read from bank.
13:58:46 Roles assigned.
13:58:46 Reading mission ...
13:58:46 mpmissions\__cur_mp.chernarus_summer\mission.sqm/Mission/Entities/Item0/Entities/Item0.type: Vehicle class rhsusf_army_ocp_rifleman no longer exists
13:58:46 Mission Ft_Benning_Chernarus_OSUT_v1.chernarus_summer read from bank.
13:58:47 Roles assigned.
13:58:47 Reading mission ...
13:58:47 mpmissions\__cur_mp.chernarus_summer\mission.sqm/Mission/Entities/Item0/Entities/Item0.type: Vehicle class rhsusf_army_ocp_rifleman no longer exists
13:58:47 Mission Ft_Benning_Chernarus_OSUT_v1.chernarus_summer read from bank.
13:58:47 Roles assigned.
13:58:47 Reading mission ...
13:58:47 mpmissions\__cur_mp.chernarus_summer\mission.sqm/Mission/Entities/Item0/Entities/Item0.type: Vehicle class rhsusf_army_ocp_rifleman no longer exists
13:58:47 Mission Ft_Benning_Chernarus_OSUT_v1.chernarus_summer read from bank.
13:58:48 Roles assigned.
13:58:48 Reading mission ...
13:58:48 mpmissions\__cur_mp.chernarus_summer\mission.sqm/Mission/Entities/Item0/Entities/Item0.type: Vehicle class rhsusf_army_ocp_rifleman no longer exists
13:58:48 Mission Ft_Benning_Chernarus_OSUT_v1.chernarus_summer read from bank.
13:58:49 Roles assigned.
13:58:49 Reading mission ...
13:58:49 mpmissions\__cur_mp.chernarus_summer\mission.sqm/Mission/Entities/Item0/Entities/Item0.type: Vehicle class rhsusf_army_ocp_rifleman no longer exists
13:58:49 Mission Ft_Benning_Chernarus_OSUT_v1.chernarus_summer read from bank.
13:58:49 Roles assigned.
13:58:49 Reading mission ...
13:58:49 mpmissions\__cur_mp.chernarus_summer\mission.sqm/Mission/Entities/Item0/Entities/Item0.type: Vehicle class rhsusf_army_ocp_rifleman no longer exists
13:58:49 Mission Ft_Benning_Chernarus_OSUT_v1.chernarus_summer read from bank.
13:58:50 Roles assigned.
13:58:50 Reading mission ...
13:58:50 mpmissions\__cur_mp.chernarus_summer\mission.sqm/Mission/Entities/Item0/Entities/Item0.type: Vehicle class rhsusf_army_ocp_rifleman no longer exists
13:58:50 Mission Ft_Benning_Chernarus_OSUT_v1.chernarus_summer read from bank.
13:58:50 Roles assigned.
13:58:50 Reading mission ...
13:58:50 mpmissions\__cur_mp.chernarus_summer\mission.sqm/Mission/Entities/Item0/Entities/Item0.type: Vehicle class rhsusf_army_ocp_rifleman no longer exists
13:58:50 Mission Ft_Benning_Chernarus_OSUT_v1.chernarus_summer read from bank.
13:58:51 Roles assigned.
13:58:51 Reading mission ...
13:58:51 mpmissions\__cur_mp.chernarus_summer\mission.sqm/Mission/Entities/Item0/Entities/Item0.type: Vehicle class rhsusf_army_ocp_rifleman no longer exists
13:58:51 Mission Ft_Benning_Chernarus_OSUT_v1.chernarus_summer read from bank.
13:58:51 Roles assigned.
13:58:51 Reading mission ...
13:58:51 mpmissions\__cur_mp.chernarus_summer\mission.sqm/Mission/Entities/Item0/Entities/Item0.type: Vehicle class rhsusf_army_ocp_rifleman no longer exists
13:58:51 Mission Ft_Benning_Chernarus_OSUT_v1.chernarus_summer read from bank.
13:58:52 Roles assigned.
13:58:52 Reading mission ...
13:58:52 mpmissions\__cur_mp.chernarus_summer\mission.sqm/Mission/Entities/Item0/Entities/Item0.type: Vehicle class rhsusf_army_ocp_rifleman no longer exists
13:58:52 Mission Ft_Benning_Chernarus_OSUT_v1.chernarus_summer read from bank.
13:58:53 Roles assigned.
13:58:53 Reading mission ...
13:58:53 mpmissions\__cur_mp.chernarus_summer\mission.sqm/Mission/Entities/Item0/Entities/Item0.type: Vehicle class rhsusf_army_ocp_rifleman no longer exists
13:58:53 Mission Ft_Benning_Chernarus_OSUT_v1.chernarus_summer read from bank.
13:58:53 Roles assigned.
13:58:53 Reading mission ...
13:58:53 mpmissions\__cur_mp.chernarus_summer\mission.sqm/Mission/Entities/Item0/Entities/Item0.type: Vehicle class rhsusf_army_ocp_rifleman no longer exists
13:58:53 Mission Ft_Benning_Chernarus_OSUT_v1.chernarus_summer read from bank.
13:58:54 Files G:\SteamLibrary\steamapps\common\Arma 3\!Workshop\@Zeus Additions\addons\zeus_additions_main.pbo are not signed by a key accepted by this server. To play on this server, remove listed files or install additional accepted keys.
13:58:54 Player SGT G.Nagy disconnected.
13:58:54 All users disconnected, waiting for users.
