17:06:58 Game Port: 2312, Steam Query Port: 2313
17:06:58 Host identity created.
17:07:01 CPL D.Schneider uses modified data file
17:07:01 Mission Operation Egyptian Collapse - Operation Troy read from bank.
17:07:01 Files P:\@3RDID\addons\third_flags.pbo are not signed by a key accepted by this server. To play on this server, remove listed files or install additional accepted keys.
17:07:01 Player CPL D.Schneider disconnected.
17:07:01 All users disconnected, waiting for users.
17:08:01 SSG G.Nagy uses modified data file
17:08:01 Mission Operation Egyptian Collapse - Operation Troy read from bank.
17:08:03 Player SSG G.Nagy connecting.
17:08:05 Player SSG G.Nagy connected (id=76561198042596091).
17:08:18 Roles assigned.
17:08:18 Reading mission ...
17:08:25 Mission read.
17:08:35 Game started.
17:09:32 Game finished.
class Session
{
	mission="Operation Egyptian Collapse - Operation Troy";
	island="kunduz_valley";
	gameType="Coop";
	duration=56.332005;
	class Player1
	{
		name="SSG G.Nagy";
		killsInfantry=0;
		killsSoft=0;
		killsArmor=0;
		killsAir=0;
		killsPlayers=0;
		customScore=0;
		killsTotal=0;
		killed=0;
	};
};
17:09:32 Waiting for next game.
17:09:32 Mission Operation Egyptian Collapse - Operation Troy read from bank.
17:09:35 Player SSG G.Nagy disconnected.
17:09:35 All users disconnected, waiting for users.
