14:37:41 Game Port: 2312, Steam Query Port: 2313
14:37:41 Host identity created.
14:37:54 SGT X.Swoop uses modified data file
14:37:54 Mission Zeus_Kunduz_River.kunduz_valley read from bank.
14:37:55 Player SGT X.Swoop disconnected.
14:37:55 All users disconnected, waiting for users.
14:39:28 SPC P.MacTavish uses modified data file
14:39:28 Mission Zeus_Kunduz_River.kunduz_valley read from bank.
14:39:29 Player SPC P.MacTavish disconnected.
14:39:29 All users disconnected, waiting for users.
14:39:56 SGT X.Swoop uses modified data file
14:39:56 Mission Zeus_Kunduz_River.kunduz_valley read from bank.
14:39:57 Player SGT X.Swoop connecting.
14:39:59 Player SGT X.Swoop connected (id=76561198006715620).
14:41:26 Roles assigned.
14:41:26 Reading mission ...
14:41:30 Mission read.
14:41:42 SPC P.MacTavish uses modified data file
14:41:43 Player SPC P.MacTavish disconnected.
14:43:21 Voted admin logged in, player: SGT X.Swoop, playerUID: 76561198006715620, IP: 192.168.0.11:2304.
14:43:39 Mission Ft_Benning_Chernarus_OSUT_v1.chernarus_summer read from bank.
14:44:42 Player SGT X.Swoop disconnected.
14:44:42 Voted admin logged out, player: SGT X.Swoop, playerUID: 76561198006715620, IP: 192.168.0.11:2304.
14:47:53 CPL H.Jäger uses modified data file
14:47:53 Mission Zeus_Kunduz_River.kunduz_valley read from bank.
14:47:54 Player CPL H.Jäger disconnected.
14:47:54 All users disconnected, waiting for users.
14:48:35 RCT J.GRAHAM uses modified data file
14:48:35 Mission Zeus_Kunduz_River.kunduz_valley read from bank.
14:48:35 Player RCT J.GRAHAM disconnected.
14:48:35 All users disconnected, waiting for users.
14:50:01 RCT J.GRAHAM uses modified data file
14:50:01 Mission Zeus_Kunduz_River.kunduz_valley read from bank.
14:50:02 Player RCT J.GRAHAM connecting.
14:50:04 Player RCT J.GRAHAM connected (id=76561198018474539).
14:50:20 PVT M.Mainu uses modified data file
14:50:20 Player PVT M.Mainu disconnected.
14:50:55 Player RCT J.GRAHAM disconnected.
14:50:55 All users disconnected, waiting for users.
14:51:01 PVT M.Mainu uses modified data file
14:51:01 Mission Zeus_Kunduz_River.kunduz_valley read from bank.
14:51:02 Player PVT M.Mainu disconnected.
14:51:02 All users disconnected, waiting for users.
14:51:05 RCT J.GRAHAM uses modified data file
14:51:05 Mission Zeus_Kunduz_River.kunduz_valley read from bank.
14:51:06 Player RCT J.GRAHAM connecting.
14:51:08 Player RCT J.GRAHAM connected (id=76561198018474539).
14:52:35 Roles assigned.
14:52:35 Reading mission ...
14:52:38 Mission read.
14:54:58 Player RCT J.GRAHAM disconnected.
14:54:58 All users disconnected, waiting for users.
 6:28:26 1SG V.Garcia uses modified data file
 6:28:26 Mission Zeus_Kunduz_River.kunduz_valley read from bank.
 6:28:26 Player 1SG V.Garcia disconnected.
 6:28:26 All users disconnected, waiting for users.
 6:29:19 1SG V.Garcia uses modified data file
 6:29:19 Mission Zeus_Kunduz_River.kunduz_valley read from bank.
 6:29:19 Player 1SG V.Garcia disconnected.
 6:29:19 All users disconnected, waiting for users.
